      2                                               
      2                                               branch:              latest/stable
      2                                               bundle-kind:         snap
      1                                               description:         An open-source browser project that aims to build a safer, faster, and more stable way for all Internet users to experience the web.
      1                                               description:         The official Snap of CUPS, the standard printing environment for Linux operating systems
      1                                               E: http://mirrors.aliyun.com/ubuntu focal-backports Release is not (yet) available (Unsupported proxy configured: 127.0.0.1://7890)
      2                                           E: http://mirrors.aliyun.com/ubuntu focal-backports Release is not (yet) available (Unsupported proxy configured: 127.0.0.1://7890)
      1                                               E: http://mirrors.aliyun.com/ubuntu focal Release is not (yet) available (Unsupported proxy configured: 127.0.0.1://7890)
      2                                           E: http://mirrors.aliyun.com/ubuntu focal Release is not (yet) available (Unsupported proxy configured: 127.0.0.1://7890)
      1                                               E: http://mirrors.aliyun.com/ubuntu focal-security Release is not (yet) available (Unsupported proxy configured: 127.0.0.1://7890)
      2                                           E: http://mirrors.aliyun.com/ubuntu focal-security Release is not (yet) available (Unsupported proxy configured: 127.0.0.1://7890)
      1                                               E: http://mirrors.aliyun.com/ubuntu focal-updates Release is not (yet) available (Unsupported proxy configured: 127.0.0.1://7890)
      2                                           E: http://mirrors.aliyun.com/ubuntu focal-updates Release is not (yet) available (Unsupported proxy configured: 127.0.0.1://7890)
      1                                               E: http://mirrors.tuna.tsinghua.edu.cn/ros/ubuntu focal Release is not (yet) available (Unsupported proxy configured: 127.0.0.1://7890)
      2                                           E: http://mirrors.tuna.tsinghua.edu.cn/ros/ubuntu focal Release is not (yet) available (Unsupported proxy configured: 127.0.0.1://7890)
      1                                               E: http://ppa.launchpad.net/flatpak/stable/ubuntu focal Release is not (yet) available (Unsupported proxy configured: 127.0.0.1://7890)
      2                                           E: http://ppa.launchpad.net/flatpak/stable/ubuntu focal Release is not (yet) available (Unsupported proxy configured: 127.0.0.1://7890)
      1                                               E: The repository 'http://mirrors.aliyun.com/ubuntu focal-backports Release' no longer has a Release file.
      2                                           E: The repository 'http://mirrors.aliyun.com/ubuntu focal-backports Release' no longer has a Release file.
      1                                               E: The repository 'http://mirrors.aliyun.com/ubuntu focal-security Release' no longer has a Release file.
      2                                           E: The repository 'http://mirrors.aliyun.com/ubuntu focal-security Release' no longer has a Release file.
      1                                               E: The repository 'http://mirrors.aliyun.com/ubuntu focal-updates Release' no longer has a Release file.
      2                                           E: The repository 'http://mirrors.aliyun.com/ubuntu focal-updates Release' no longer has a Release file.
      1                                               E: The repository 'http://mirrors.tuna.tsinghua.edu.cn/ros/ubuntu focal Release' no longer has a Release file.
      2                                           E: The repository 'http://mirrors.tuna.tsinghua.edu.cn/ros/ubuntu focal Release' no longer has a Release file.
      1                                               E: The repository 'http://ppa.launchpad.net/flatpak/stable/ubuntu focal Release' no longer has a Release file.
      2                                           E: The repository 'http://ppa.launchpad.net/flatpak/stable/ubuntu focal Release' no longer has a Release file.
      5                                       exe="/usr/bin/dbus-daemon" sauid=103 hostname=? addr=? terminal=?'
      5                                  exe="/usr/bin/dbus-daemon" sauid=103 hostname=? addr=? terminal=?'
      2                                           GTK+ 2.x symbols detected. Using GTK+ 2.x and GTK+ 3 in the same process is not supported.
      6                                       GTK+ 2.x symbols detected. Using GTK+ 2.x and GTK+ 3 in the same process is not supported.
      1                                               icon-filename:       /home/aphrora/.cache/gnome-software/icons/c2370b3d43f2ed065b3cd822b9253700137a28a7-openprinting-logo-with-text.png
      1                                               icon-filename:       /snap/chromium/2985/chromium.png
      1                                               icon-kind:           local
      1                                               icon-kind:           remote
      1                                               id:                  chromium-browser.desktop
      1                                               id:                  io.snapcraft.cups-m1eQacDdXCthEwWQrESei3Zao3d5gfJF
      2                                               kind:                desktop
      2                                               kudo-percentage:     0
      1                                               license:             Apache-2.0
      1                                               license:             Apache-2.0 AND BSD-3-Clause AND LGPL-2.0 AND LGPL-2.1 AND MIT AND MS-PL AND (GPL-2.0+ OR LGPL-2.1+ OR MPL-1.1)
      2                                               license-is-free:     yes
      1 -- Logs begin at Sat 2024-09-14 18:36:06 CST, end at Mon 2024-11-11 00:36:53 CST. --
      2                                               management-plugin:   snap
      1                                               name:                chromium
      1                                               name:                CUPS
      1 Nov 09 14:42:54 aphrora kernel: ACPI: 14 ACPI AML tables successfully acquired and loaded
      1 Nov 09 14:42:54 aphrora kernel: ACPI: AC: AC Adapter [ACAD] (off-line)
      1 Nov 09 14:42:54 aphrora kernel: ACPI: Added _OSI(3.0 _SCP Extensions)
      1 Nov 09 14:42:54 aphrora kernel: ACPI: Added _OSI(Linux-Dell-Video)
      1 Nov 09 14:42:54 aphrora kernel: ACPI: Added _OSI(Linux-HPI-Hybrid-Graphics)
      1 Nov 09 14:42:54 aphrora kernel: ACPI: Added _OSI(Linux-Lenovo-NV-HDMI-Audio)
      1 Nov 09 14:42:54 aphrora kernel: ACPI: Added _OSI(Module Device)
      1 Nov 09 14:42:54 aphrora kernel: ACPI: Added _OSI(Processor Aggregator Device)
      1 Nov 09 14:42:54 aphrora kernel: ACPI: Added _OSI(Processor Device)
      1 Nov 09 14:42:54 aphrora kernel: ACPI: APIC 0x0000000044AD1000 0001DC (v03 HONOR  ADL-P-M  00000002 ACPI 00040000)
      1 Nov 09 14:42:54 aphrora kernel: ACPI: battery: new extension: Huawei Battery Extension
      1 Nov 09 14:42:54 aphrora kernel: ACPI: battery: Slot [BAT1] (battery present)
      1 Nov 09 14:42:54 aphrora kernel: ACPI: BGRT 0x0000000044A58000 000038 (v01 HONOR  ADL-P-M  00000001 ACPI 00040000)
      1 Nov 09 14:42:54 aphrora kernel: ACPI: bus type PCI registered
      1 Nov 09 14:42:54 aphrora kernel: ACPI: bus type USB registered
      1 Nov 09 14:42:54 aphrora kernel: ACPI: button: Lid Switch [LID0]
      1 Nov 09 14:42:54 aphrora kernel: ACPI: button: Power Button [PWRB]
      1 Nov 09 14:42:54 aphrora kernel: ACPI: button: Power Button [PWRF]
      1 Nov 09 14:42:54 aphrora kernel: ACPI: Core revision 20210730
      1 Nov 09 14:42:54 aphrora kernel: ACPI: DBG2 0x0000000044AD5000 000054 (v00 HONOR  ADL-P-M  00000002 ACPI 00040000)
      1 Nov 09 14:42:54 aphrora kernel: ACPI: DBGP 0x0000000044AD6000 000034 (v01 HONOR  ADL-P-M  00000002 ACPI 00040000)
      1 Nov 09 14:42:54 aphrora kernel: ACPI: DMAR 0x0000000044AFD000 000088 (v02 HONOR  ADL-P-M  00000002 ACPI 00040000)
      1 Nov 09 14:42:54 aphrora kernel: ACPI: DSDT 0x0000000044A70000 05FC77 (v02 HONOR  ADL-P-M  00000002 ACPI 00040000)
      8 Nov 09 14:42:54 aphrora kernel: ACPI: Dynamic OEM Table Load:
      1 Nov 09 14:42:54 aphrora kernel: ACPI: Early table checksum verification disabled
      2 Nov 09 14:42:54 aphrora kernel: ACPI: EC: EC_CMD/EC_SC=0x66, EC_DATA=0x62
      1 Nov 09 14:42:54 aphrora kernel: ACPI: EC: EC started
      1 Nov 09 14:42:54 aphrora kernel: ACPI: EC: event unblocked
      1 Nov 09 14:42:54 aphrora kernel: ACPI: EC: GPE=0x6e
      1 Nov 09 14:42:54 aphrora kernel: ACPI: EC: interrupt blocked
      1 Nov 09 14:42:54 aphrora kernel: ACPI: EC: interrupt unblocked
      1 Nov 09 14:42:54 aphrora kernel: ACPI: Enabled 9 GPEs in block 00 to 7F
      1 Nov 09 14:42:54 aphrora kernel: ACPI: FACP 0x0000000044AD3000 00010C (v05 HONOR  ADL-P-M  00000002 ACPI 00040000)
      1 Nov 09 14:42:54 aphrora kernel: ACPI: FACS 0x00000000448C0000 000040
      1 Nov 09 14:42:54 aphrora kernel: ACPI: FPDT 0x0000000044A59000 000044 (v01 HONOR  ADL-P-M  00000002 ACPI 00040000)
      1 Nov 09 14:42:54 aphrora kernel: ACPI: HPET 0x0000000044AD2000 000038 (v01 HONOR  ADL-P-M  00000002 ACPI 00040000)
      1 Nov 09 14:42:54 aphrora kernel: ACPI: HPET id: 0x8086a201 base: 0xfed00000
      1 Nov 09 14:42:54 aphrora kernel: ACPI: Interpreter enabled
      1 Nov 09 14:42:54 aphrora kernel: ACPI: INT_SRC_OVR (bus 0 bus_irq 0 global_irq 2 dfl dfl)
      1 Nov 09 14:42:54 aphrora kernel: ACPI: INT_SRC_OVR (bus 0 bus_irq 9 global_irq 9 high level)
      1 Nov 09 14:42:54 aphrora kernel: ACPI: LAPIC_NMI (acpi_id[0x00] high edge lint[0x1])
      1 Nov 09 14:42:54 aphrora kernel: ACPI: LAPIC_NMI (acpi_id[0x01] high edge lint[0x1])
      1 Nov 09 14:42:54 aphrora kernel: ACPI: LAPIC_NMI (acpi_id[0x02] high edge lint[0x1])
      1 Nov 09 14:42:54 aphrora kernel: ACPI: LAPIC_NMI (acpi_id[0x03] high edge lint[0x1])
      1 Nov 09 14:42:54 aphrora kernel: ACPI: LAPIC_NMI (acpi_id[0x04] high edge lint[0x1])
      1 Nov 09 14:42:54 aphrora kernel: ACPI: LAPIC_NMI (acpi_id[0x05] high edge lint[0x1])
      1 Nov 09 14:42:54 aphrora kernel: ACPI: LAPIC_NMI (acpi_id[0x06] high edge lint[0x1])
      1 Nov 09 14:42:54 aphrora kernel: ACPI: LAPIC_NMI (acpi_id[0x07] high edge lint[0x1])
      1 Nov 09 14:42:54 aphrora kernel: ACPI: LAPIC_NMI (acpi_id[0x08] high edge lint[0x1])
      1 Nov 09 14:42:54 aphrora kernel: ACPI: LAPIC_NMI (acpi_id[0x09] high edge lint[0x1])
      1 Nov 09 14:42:54 aphrora kernel: ACPI: LAPIC_NMI (acpi_id[0x0a] high edge lint[0x1])
      1 Nov 09 14:42:54 aphrora kernel: ACPI: LAPIC_NMI (acpi_id[0x0b] high edge lint[0x1])
      1 Nov 09 14:42:54 aphrora kernel: ACPI: LAPIC_NMI (acpi_id[0x0c] high edge lint[0x1])
      1 Nov 09 14:42:54 aphrora kernel: ACPI: LAPIC_NMI (acpi_id[0x0d] high edge lint[0x1])
      1 Nov 09 14:42:54 aphrora kernel: ACPI: LAPIC_NMI (acpi_id[0x0e] high edge lint[0x1])
      1 Nov 09 14:42:54 aphrora kernel: ACPI: LAPIC_NMI (acpi_id[0x0f] high edge lint[0x1])
      1 Nov 09 14:42:54 aphrora kernel: ACPI: LAPIC_NMI (acpi_id[0x10] high edge lint[0x1])
      1 Nov 09 14:42:54 aphrora kernel: ACPI: LAPIC_NMI (acpi_id[0x11] high edge lint[0x1])
      1 Nov 09 14:42:54 aphrora kernel: ACPI: LAPIC_NMI (acpi_id[0x12] high edge lint[0x1])
      1 Nov 09 14:42:54 aphrora kernel: ACPI: LAPIC_NMI (acpi_id[0x13] high edge lint[0x1])
      1 Nov 09 14:42:54 aphrora kernel: ACPI: LAPIC_NMI (acpi_id[0x14] high edge lint[0x1])
      1 Nov 09 14:42:54 aphrora kernel: ACPI: LAPIC_NMI (acpi_id[0x15] high edge lint[0x1])
      1 Nov 09 14:42:54 aphrora kernel: ACPI: LAPIC_NMI (acpi_id[0x16] high edge lint[0x1])
      1 Nov 09 14:42:54 aphrora kernel: ACPI: LAPIC_NMI (acpi_id[0x17] high edge lint[0x1])
      1 Nov 09 14:42:54 aphrora kernel: ACPI: LPIT 0x0000000044AD9000 0000CC (v01 HONOR  ADL-P-M  00000002 ACPI 00040000)
      1 Nov 09 14:42:54 aphrora kernel: ACPI: MCFG 0x0000000044AD0000 00003C (v01 HONOR  ADL-P-M  00000002 ACPI 00040000)
      1 Nov 09 14:42:54 aphrora kernel: ACPI: MSDM 0x0000000044ADB000 000055 (v03 HONOR  ADL-P-M  00000001 ACPI 00040000)
      1 Nov 09 14:42:54 aphrora kernel: ACPI: NHLT 0x0000000044AD4000 00002D (v00 HONOR  ADL-P-M  00000002 ACPI 00040000)
      1 Nov 09 14:42:54 aphrora kernel: ACPI: PCI Root Bridge [PC00] (domain 0000 [bus 00-fe])
      1 Nov 09 14:42:54 aphrora kernel: ACPI: PHAT 0x0000000044A57000 0007FC (v01 HONOR  ADL-P-M  00000005 ACPI 00040000)
      1 Nov 09 14:42:54 aphrora kernel: acpiphp: ACPI Hot Plug PCI Controller Driver version: 0.5
      1 Nov 09 14:42:54 aphrora kernel: ACPI: PM: Power Resource [BTRT]
      1 Nov 09 14:42:54 aphrora kernel: ACPI: PM: Power Resource [D3C]
      1 Nov 09 14:42:54 aphrora kernel: ACPI: PM: Power Resource [PAUD]
      1 Nov 09 14:42:54 aphrora kernel: ACPI: PM: Power Resource [PIN]
      6 Nov 09 14:42:54 aphrora kernel: ACPI: PM: Power Resource [PXP]
      1 Nov 09 14:42:54 aphrora kernel: ACPI: PM: Power Resource [TBT0]
      1 Nov 09 14:42:54 aphrora kernel: ACPI: PM: Power Resource [TBT1]
      1 Nov 09 14:42:54 aphrora kernel: ACPI: PM: Power Resource [WRST]
      1 Nov 09 14:42:54 aphrora kernel: ACPI: PM: Registering ACPI NVS region [mem 0x419df000-0x4498efff] (50003968 bytes)
      1 Nov 09 14:42:54 aphrora kernel: ACPI: PM: (supports S0 S3 S4 S5)
      1 Nov 09 14:42:54 aphrora kernel: ACPI: PM-Timer IO Port: 0x1808
      1 Nov 09 14:42:54 aphrora kernel: acpi PNP0A08:00: _OSC: OS now controls [PCIeHotplug SHPCHotplug PME PCIeCapability LTR DPC]
      1 Nov 09 14:42:54 aphrora kernel: acpi PNP0A08:00: _OSC: OS supports [ExtendedConfig ASPM ClockPM Segments MSI EDR HPX-Type3]
      1 Nov 09 14:42:54 aphrora kernel: acpi PNP0A08:00: _OSC: platform does not support [AER]
      1 Nov 09 14:42:54 aphrora kernel: ACPI: Reserving APIC table memory at [mem 0x44ad1000-0x44ad11db]
      1 Nov 09 14:42:54 aphrora kernel: ACPI: Reserving BGRT table memory at [mem 0x44a58000-0x44a58037]
      1 Nov 09 14:42:54 aphrora kernel: ACPI: Reserving DBG2 table memory at [mem 0x44ad5000-0x44ad5053]
      1 Nov 09 14:42:54 aphrora kernel: ACPI: Reserving DBGP table memory at [mem 0x44ad6000-0x44ad6033]
      1 Nov 09 14:42:54 aphrora kernel: ACPI: Reserving DMAR table memory at [mem 0x44afd000-0x44afd087]
      1 Nov 09 14:42:54 aphrora kernel: ACPI: Reserving DSDT table memory at [mem 0x44a70000-0x44acfc76]
      1 Nov 09 14:42:54 aphrora kernel: ACPI: Reserving FACP table memory at [mem 0x44ad3000-0x44ad310b]
      1 Nov 09 14:42:54 aphrora kernel: ACPI: Reserving FACS table memory at [mem 0x448c0000-0x448c003f]
      1 Nov 09 14:42:54 aphrora kernel: ACPI: Reserving FPDT table memory at [mem 0x44a59000-0x44a59043]
      1 Nov 09 14:42:54 aphrora kernel: ACPI: Reserving HPET table memory at [mem 0x44ad2000-0x44ad2037]
      1 Nov 09 14:42:54 aphrora kernel: ACPI: Reserving LPIT table memory at [mem 0x44ad9000-0x44ad90cb]
      1 Nov 09 14:42:54 aphrora kernel: ACPI: Reserving MCFG table memory at [mem 0x44ad0000-0x44ad003b]
      1 Nov 09 14:42:54 aphrora kernel: ACPI: Reserving MSDM table memory at [mem 0x44adb000-0x44adb054]
      1 Nov 09 14:42:54 aphrora kernel: ACPI: Reserving NHLT table memory at [mem 0x44ad4000-0x44ad402c]
      1 Nov 09 14:42:54 aphrora kernel: ACPI: Reserving PHAT table memory at [mem 0x44a57000-0x44a577fb]
      1 Nov 09 14:42:54 aphrora kernel: ACPI: Reserving SSDT table memory at [mem 0x44a5a000-0x44a5a0f7]
      1 Nov 09 14:42:54 aphrora kernel: ACPI: Reserving SSDT table memory at [mem 0x44a5b000-0x44a5e9d9]
      1 Nov 09 14:42:54 aphrora kernel: ACPI: Reserving SSDT table memory at [mem 0x44a5f000-0x44a62ae9]
      1 Nov 09 14:42:54 aphrora kernel: ACPI: Reserving SSDT table memory at [mem 0x44a63000-0x44a63b88]
      1 Nov 09 14:42:54 aphrora kernel: ACPI: Reserving SSDT table memory at [mem 0x44a65000-0x44a6fc30]
      1 Nov 09 14:42:54 aphrora kernel: ACPI: Reserving SSDT table memory at [mem 0x44ad7000-0x44ad7ad8]
      1 Nov 09 14:42:54 aphrora kernel: ACPI: Reserving SSDT table memory at [mem 0x44ada000-0x44adaf9d]
      1 Nov 09 14:42:54 aphrora kernel: ACPI: Reserving SSDT table memory at [mem 0x44adc000-0x44ae9486]
      1 Nov 09 14:42:54 aphrora kernel: ACPI: Reserving SSDT table memory at [mem 0x44aea000-0x44aed3e8]
      1 Nov 09 14:42:54 aphrora kernel: ACPI: Reserving SSDT table memory at [mem 0x44aee000-0x44af09b5]
      1 Nov 09 14:42:54 aphrora kernel: ACPI: Reserving SSDT table memory at [mem 0x44af1000-0x44af6d33]
      1 Nov 09 14:42:54 aphrora kernel: ACPI: Reserving SSDT table memory at [mem 0x44af7000-0x44af738b]
      1 Nov 09 14:42:54 aphrora kernel: ACPI: Reserving SSDT table memory at [mem 0x44af8000-0x44afcd6e]
      1 Nov 09 14:42:54 aphrora kernel: ACPI: Reserving UEFI table memory at [mem 0x4498e000-0x4498e235]
      1 Nov 09 14:42:54 aphrora kernel: ACPI: Reserving WSMT table memory at [mem 0x44ad8000-0x44ad8027]
      1 Nov 09 14:42:54 aphrora kernel: ACPI: RSDP 0x0000000044AFE014 000024 (v02 HONOR )
      1 Nov 09 14:42:54 aphrora kernel: ACPI: \_SB_.PC00.LPCB.EC0_: Boot DSDT EC initialization complete
      1 Nov 09 14:42:54 aphrora kernel: ACPI: \_SB_.PC00.LPCB.EC0_: Boot DSDT EC used to handle transactions
      1 Nov 09 14:42:54 aphrora kernel: ACPI: \_SB_.PC00.LPCB.EC0_: EC: Used to handle transactions and events
      1 Nov 09 14:42:54 aphrora kernel: ACPI: \_SB_.PR00: Found 3 idle states
      1 Nov 09 14:42:54 aphrora kernel: ACPI: \_SB_.PR00: _OSC native thermal LVT Acked
      1 Nov 09 14:42:54 aphrora kernel: ACPI: SSDT 0x0000000044A5A000 0000F8 (v01 HONOR  PcdTabl  00001000 INTL 20200717)
      1 Nov 09 14:42:54 aphrora kernel: ACPI: SSDT 0x0000000044A5B000 0039DA (v02 HONOR  SocCmn   00003000 INTL 20200717)
      1 Nov 09 14:42:54 aphrora kernel: ACPI: SSDT 0x0000000044A5F000 003AEA (v02 HONOR  SocGpe   00003000 INTL 20200717)
      1 Nov 09 14:42:54 aphrora kernel: ACPI: SSDT 0x0000000044A63000 000B89 (v02 HONOR  xh_adlLP 00000000 INTL 20200717)
      1 Nov 09 14:42:54 aphrora kernel: ACPI: SSDT 0x0000000044A65000 00AC31 (v02 HONOR  ADL-P-M  00000002      01000013)
      1 Nov 09 14:42:54 aphrora kernel: ACPI: SSDT 0x0000000044AD7000 000AD9 (v02 HONOR  PtidDevc 00001000 INTL 20200717)
      1 Nov 09 14:42:54 aphrora kernel: ACPI: SSDT 0x0000000044ADA000 000F9E (v01 HONOR  WmiTable 00001000 INTL 20200717)
      1 Nov 09 14:42:54 aphrora kernel: ACPI: SSDT 0x0000000044ADC000 00D487 (v02 HONOR  TcssSsdt 00001000 INTL 20200717)
      1 Nov 09 14:42:54 aphrora kernel: ACPI: SSDT 0x0000000044AEA000 0033E9 (v02 HONOR  IgfxSsdt 00003000 INTL 20200717)
      1 Nov 09 14:42:54 aphrora kernel: ACPI: SSDT 0x0000000044AEE000 0029B6 (v02 HONOR  SaSsdt   00003000 INTL 20200717)
      1 Nov 09 14:42:54 aphrora kernel: ACPI: SSDT 0x0000000044AF1000 005D34 (v02 HONOR  CpuSsdt  00003000 INTL 20200717)
      1 Nov 09 14:42:54 aphrora kernel: ACPI: SSDT 0x0000000044AF7000 00038C (v02 HONOR  Pmax_Dev 00000001 INTL 20200717)
      1 Nov 09 14:42:54 aphrora kernel: ACPI: SSDT 0x0000000044AF8000 004D6F (v02 HONOR  DptfTabl 00001000 INTL 20200717)
      1 Nov 09 14:42:54 aphrora kernel: ACPI: SSDT 0xFFFF914680190000 000FBB (v02 PmRef  ApCst    00003000 INTL 20200717)
      1 Nov 09 14:42:54 aphrora kernel: ACPI: SSDT 0xFFFF9146802CA800 0001AB (v02 PmRef  Cpu0Psd  00003000 INTL 20200717)
      1 Nov 09 14:42:54 aphrora kernel: ACPI: SSDT 0xFFFF914681AB3C00 000394 (v02 PmRef  Cpu0Cst  00003001 INTL 20200717)
      1 Nov 09 14:42:54 aphrora kernel: ACPI: SSDT 0xFFFF914681ABA800 0004B5 (v02 PmRef  Cpu0Hwp  00003000 INTL 20200717)
      1 Nov 09 14:42:54 aphrora kernel: ACPI: SSDT 0xFFFF914681ABF000 0006CB (v02 PmRef  Cpu0Ist  00003000 INTL 20200717)
      1 Nov 09 14:42:54 aphrora kernel: ACPI: SSDT 0xFFFF9146828D8000 001BAF (v02 PmRef  ApIst    00003000 INTL 20200717)
      1 Nov 09 14:42:54 aphrora kernel: ACPI: SSDT 0xFFFF9146828DC000 001349 (v02 PmRef  ApPsd    00003000 INTL 20200717)
      1 Nov 09 14:42:54 aphrora kernel: ACPI: SSDT 0xFFFF9146828DE000 001038 (v02 PmRef  ApHwp    00003000 INTL 20200717)
      1 Nov 09 14:42:54 aphrora kernel: ACPI: thermal: Thermal Zone [TZ01] (44 C)
      1 Nov 09 14:42:54 aphrora kernel: ACPI: UEFI 0x000000004498E000 000236 (v01 HONOR  ADL-P-M  00000001 ACPI 00040000)
      1 Nov 09 14:42:54 aphrora kernel: ACPI: Using ACPI (MADT) for SMP configuration information
      1 Nov 09 14:42:54 aphrora kernel: ACPI: Using IOAPIC for interrupt routing
      1 Nov 09 14:42:54 aphrora kernel: ACPI: WSMT 0x0000000044AD8000 000028 (v01 HONOR  ADL-P-M  00000002 ACPI 00040000)
      1 Nov 09 14:42:54 aphrora kernel: ACPI: XSDT 0x0000000044A64188 000104 (v01 HONOR  ADL-P-M  00000002      01000013)
      1 Nov 09 14:42:54 aphrora kernel: AES CTR mode by8 optimization enabled
      1 Nov 09 14:42:54 aphrora kernel:   AMD AuthenticAMD
      1 Nov 09 14:42:54 aphrora kernel: APIC: Switch to symmetric I/O mode setup
      1 Nov 09 14:42:54 aphrora kernel: AppArmor: AppArmor Filesystem Enabled
      1 Nov 09 14:42:54 aphrora kernel: AppArmor: AppArmor initialized
      1 Nov 09 14:42:54 aphrora kernel: AppArmor: AppArmor sha1 policy hashing enabled
      1 Nov 09 14:42:54 aphrora kernel: Asymmetric key parser 'x509' registered
      1 Nov 09 14:42:54 aphrora kernel: audit: initializing netlink subsys (disabled)
      1 Nov 09 14:42:54 aphrora kernel: audit: type=2000 audit(1731134572.043:1): state=initialized audit_enabled=0 res=1
      1 Nov 09 14:42:54 aphrora kernel: AVX2 version of gcm_enc/dec engaged.
      1 Nov 09 14:42:54 aphrora kernel: BIOS-e820: [mem 0x0000000000000000-0x000000000009efff] usable
      1 Nov 09 14:42:54 aphrora kernel: BIOS-e820: [mem 0x000000000009f000-0x00000000000fffff] reserved
      1 Nov 09 14:42:54 aphrora kernel: BIOS-e820: [mem 0x0000000000100000-0x000000003d228fff] usable
      1 Nov 09 14:42:54 aphrora kernel: BIOS-e820: [mem 0x000000003d229000-0x000000003db28fff] reserved
      1 Nov 09 14:42:54 aphrora kernel: BIOS-e820: [mem 0x000000003db29000-0x000000003f93efff] usable
      1 Nov 09 14:42:54 aphrora kernel: BIOS-e820: [mem 0x000000003f93f000-0x00000000419defff] reserved
      1 Nov 09 14:42:54 aphrora kernel: BIOS-e820: [mem 0x00000000419df000-0x000000004498efff] ACPI NVS
      1 Nov 09 14:42:54 aphrora kernel: BIOS-e820: [mem 0x000000004498f000-0x0000000044afefff] ACPI data
      1 Nov 09 14:42:54 aphrora kernel: BIOS-e820: [mem 0x0000000044aff000-0x0000000044afffff] usable
      1 Nov 09 14:42:54 aphrora kernel: BIOS-e820: [mem 0x0000000044b00000-0x00000000493fffff] reserved
      1 Nov 09 14:42:54 aphrora kernel: BIOS-e820: [mem 0x000000004a000000-0x00000000503fffff] reserved
      1 Nov 09 14:42:54 aphrora kernel: BIOS-e820: [mem 0x00000000c0000000-0x00000000cfffffff] reserved
      1 Nov 09 14:42:54 aphrora kernel: BIOS-e820: [mem 0x00000000fed20000-0x00000000fed7ffff] reserved
      1 Nov 09 14:42:54 aphrora kernel: BIOS-e820: [mem 0x00000000ff000000-0x00000000ffffffff] reserved
      1 Nov 09 14:42:54 aphrora kernel: BIOS-e820: [mem 0x0000000100000000-0x00000008afbfffff] usable
      1 Nov 09 14:42:54 aphrora kernel: BIOS-provided physical RAM map:
      1 Nov 09 14:42:54 aphrora kernel: ... bit width:              48
      1 Nov 09 14:42:54 aphrora kernel: blacklist: Loading compiled-in revocation X.509 certificates
      1 Nov 09 14:42:54 aphrora kernel: Block layer SCSI generic (bsg) driver version 0.4 loaded (major 243)
      1 Nov 09 14:42:54 aphrora kernel: block loop1: hash matches
      1 Nov 09 14:42:54 aphrora kernel: Bluetooth: Core ver 2.22
      1 Nov 09 14:42:54 aphrora kernel: Bluetooth: hci0: API lock is enabled
      1 Nov 09 14:42:54 aphrora kernel: Bluetooth: hci0: Bootloader timestamp 2019.40 buildtype 1 build 38
      1 Nov 09 14:42:54 aphrora kernel: Bluetooth: hci0: Debug lock is disabled
      1 Nov 09 14:42:54 aphrora kernel: Bluetooth: hci0: Device revision is 2
      1 Nov 09 14:42:54 aphrora kernel: Bluetooth: hci0: Found device firmware: intel/ibt-0040-4150.sfi
      1 Nov 09 14:42:54 aphrora kernel: Bluetooth: hci0: Minimum firmware build 1 week 10 2014
      1 Nov 09 14:42:54 aphrora kernel: Bluetooth: hci0: OTP lock is enabled
      1 Nov 09 14:42:54 aphrora kernel: Bluetooth: hci0: Secure boot is enabled
      1 Nov 09 14:42:54 aphrora kernel: Bluetooth: HCI device and connection manager initialized
      1 Nov 09 14:42:54 aphrora kernel: Bluetooth: HCI socket layer initialized
      1 Nov 09 14:42:54 aphrora kernel: Bluetooth: L2CAP socket layer initialized
      1 Nov 09 14:42:54 aphrora kernel: Bluetooth: SCO socket layer initialized
      1 Nov 09 14:42:54 aphrora kernel:     BOOT_IMAGE=/boot/vmlinuz-5.15.0-122-lowlatency
      1 Nov 09 14:42:54 aphrora kernel: Booting paravirtualized kernel on bare hardware
      1 Nov 09 14:42:54 aphrora kernel: Built 1 zonelists, mobility grouping on.  Total pages: 8187791
      1 Nov 09 14:42:54 aphrora kernel: Calibrating delay loop (skipped), value calculated using timer frequency.. 6374.40 BogoMIPS (lpj=3187200)
      1 Nov 09 14:42:54 aphrora kernel:   Centaur CentaurHauls
      1 Nov 09 14:42:54 aphrora kernel: cfg80211: Loading compiled-in X.509 certificates for regulatory database
      1 Nov 09 14:42:54 aphrora kernel: clipped [mem size 0x00000000 64bit pref] to [mem size 0xfffffffffffa0000 64bit pref] for e820 entry [mem 0x0009f000-0x000fffff]
      2 Nov 09 14:42:54 aphrora kernel: clipped [mem size 0x00000000 64bit] to [mem size 0xfffffffffffa0000 64bit] for e820 entry [mem 0x0009f000-0x000fffff]
      1 Nov 09 14:42:54 aphrora kernel: clipped [mem size 0x00020000] to [mem size 0xfffffffffffc0000] for e820 entry [mem 0x0009f000-0x000fffff]
      1 Nov 09 14:42:54 aphrora kernel: clk: Disabling unused clocks
      1 Nov 09 14:42:54 aphrora kernel: clocksource: acpi_pm: mask: 0xffffff max_cycles: 0xffffff, max_idle_ns: 2085701024 ns
      1 Nov 09 14:42:54 aphrora kernel: clocksource: jiffies: mask: 0xffffffff max_cycles: 0xffffffff, max_idle_ns: 1911260446275000 ns
      1 Nov 09 14:42:54 aphrora kernel: clocksource: refined-jiffies: mask: 0xffffffff max_cycles: 0xffffffff, max_idle_ns: 1910969940391419 ns
      1 Nov 09 14:42:54 aphrora kernel: clocksource: Switched to clocksource tsc
      1 Nov 09 14:42:54 aphrora kernel: clocksource: Switched to clocksource tsc-early
      1 Nov 09 14:42:54 aphrora kernel: clocksource: tsc-early: mask: 0xffffffffffffffff max_cycles: 0x2df10e7656b, max_idle_ns: 440795364873 ns
      1 Nov 09 14:42:54 aphrora kernel: clocksource: tsc: mask: 0xffffffffffffffff max_cycles: 0x2df10e7656b, max_idle_ns: 440795364873 ns
      1 Nov 09 14:42:54 aphrora kernel: Command line: BOOT_IMAGE=/boot/vmlinuz-5.15.0-122-lowlatency root=UUID=4b5a17af-4c47-43df-bb25-eb5a46c46ad8 ro quiet splash vt.handoff=7
      1 Nov 09 14:42:54 aphrora kernel: Console: colour dummy device 80x25
      1 Nov 09 14:42:54 aphrora kernel: Console: switching to colour frame buffer device 157x52
      1 Nov 09 14:42:54 aphrora kernel: CPU0: Thermal monitoring enabled (TM1)
      1 Nov 09 14:42:54 aphrora kernel: cpuidle: using governor ladder
      1 Nov 09 14:42:54 aphrora kernel: cpuidle: using governor menu
      1 Nov 09 14:42:54 aphrora kernel: cryptd: max_cpu_qlen set to 1000
      1 Nov 09 14:42:54 aphrora kernel: Dentry cache hash table entries: 4194304 (order: 13, 33554432 bytes, linear)
      1 Nov 09 14:42:54 aphrora kernel:   Device   empty
      1 Nov 09 14:42:54 aphrora kernel: device-mapper: core: CONFIG_IMA_DISABLE_HTABLE is disabled. Duplicate IMA measurements will not be recorded in the IMA log.
      1 Nov 09 14:42:54 aphrora kernel: device-mapper: ioctl: 4.45.0-ioctl (2021-03-22) initialised: dm-devel@redhat.com
      1 Nov 09 14:42:54 aphrora kernel: device-mapper: uevent: version 1.0.3
      1 Nov 09 14:42:54 aphrora kernel: devtmpfs: initialized
      1 Nov 09 14:42:54 aphrora kernel:   DMA32    [mem 0x0000000001000000-0x00000000ffffffff]
      1 Nov 09 14:42:54 aphrora kernel:   DMA      [mem 0x0000000000001000-0x0000000000ffffff]
      1 Nov 09 14:42:54 aphrora kernel: DMA: preallocated 4096 KiB GFP_KERNEL|GFP_DMA32 pool for atomic allocations
      1 Nov 09 14:42:54 aphrora kernel: DMA: preallocated 4096 KiB GFP_KERNEL|GFP_DMA pool for atomic allocations
      1 Nov 09 14:42:54 aphrora kernel: DMA: preallocated 4096 KiB GFP_KERNEL pool for atomic allocations
      1 Nov 09 14:42:54 aphrora kernel: DMAR: dmar0: reg_base_addr fed90000 ver 4:0 cap 1c0000c40660462 ecap 29a00f0505e
      1 Nov 09 14:42:54 aphrora kernel: DMAR: dmar1: reg_base_addr fed91000 ver 5:0 cap d2008c40660462 ecap f050da
      1 Nov 09 14:42:54 aphrora kernel: DMAR: DRHD base: 0x000000fed90000 flags: 0x0
      1 Nov 09 14:42:54 aphrora kernel: DMAR: DRHD base: 0x000000fed91000 flags: 0x1
      1 Nov 09 14:42:54 aphrora kernel: DMAR: Host address width 39
      1 Nov 09 14:42:54 aphrora kernel: DMAR-IR: Enabled IRQ remapping in x2apic mode
      1 Nov 09 14:42:54 aphrora kernel: DMAR-IR: HPET id 0 under DRHD base 0xfed91000
      1 Nov 09 14:42:54 aphrora kernel: DMAR-IR: IOAPIC id 2 under DRHD base  0xfed91000 IOMMU 1
      1 Nov 09 14:42:54 aphrora kernel: DMAR-IR: Queued invalidation will be enabled to support x2apic and Intr-remapping.
      1 Nov 09 14:42:54 aphrora kernel: DMAR: RMRR base: 0x0000004c000000 end: 0x000000503fffff
      1 Nov 09 14:42:54 aphrora kernel: DMI: HONOR GLO-GXXX/GLO-GXXX-PCB, BIOS 1.12 01/11/2024
      1 Nov 09 14:42:54 aphrora kernel: drop_monitor: Initializing network drop monitor service
      1 Nov 09 14:42:54 aphrora kernel: e820: remove [mem 0x000a0000-0x000fffff] usable
      1 Nov 09 14:42:54 aphrora kernel: e820: reserve RAM buffer [mem 0x0009f000-0x0009ffff]
      1 Nov 09 14:42:54 aphrora kernel: e820: reserve RAM buffer [mem 0x37fbd000-0x37ffffff]
      1 Nov 09 14:42:54 aphrora kernel: e820: reserve RAM buffer [mem 0x37ff4000-0x37ffffff]
      1 Nov 09 14:42:54 aphrora kernel: e820: reserve RAM buffer [mem 0x3d229000-0x3fffffff]
      1 Nov 09 14:42:54 aphrora kernel: e820: reserve RAM buffer [mem 0x3f93f000-0x3fffffff]
      1 Nov 09 14:42:54 aphrora kernel: e820: reserve RAM buffer [mem 0x44b00000-0x47ffffff]
      1 Nov 09 14:42:54 aphrora kernel: e820: reserve RAM buffer [mem 0x8afc00000-0x8afffffff]
      1 Nov 09 14:42:54 aphrora kernel: e820: update [mem 0x00000000-0x00000fff] usable ==> reserved
      1 Nov 09 14:42:54 aphrora kernel: e820: update [mem 0x37fbd000-0x37feffff] usable ==> reserved
      1 Nov 09 14:42:54 aphrora kernel: e820: update [mem 0x37ff4000-0x37ff4fff] usable ==> reserved
      1 Nov 09 14:42:54 aphrora kernel: Early memory node ranges
      1 Nov 09 14:42:54 aphrora kernel: EDAC MC: Ver: 3.0.0
      1 Nov 09 14:42:54 aphrora kernel: efi: ACPI=0x44afe000 ACPI 2.0=0x44afe014 SMBIOS=0x3ffb8000 SMBIOS 3.0=0x3ffb6000 ESRT=0x37ff4d18 MOKvar=0x3ffb5000 RNG=0x44a56018 
      1 Nov 09 14:42:54 aphrora kernel: efi: EFI v2.80 by HONOR
      1 Nov 09 14:42:54 aphrora kernel: efifb: framebuffer at 0x4000000000, using 16592k, total 16590k
      1 Nov 09 14:42:54 aphrora kernel: efifb: mode is 2520x1680x32, linelength=10112, pages=1
      1 Nov 09 14:42:54 aphrora kernel: efifb: probing for efifb
      1 Nov 09 14:42:54 aphrora kernel: efifb: scrolling: redraw
      1 Nov 09 14:42:54 aphrora kernel: efifb: showing boot graphics
      1 Nov 09 14:42:54 aphrora kernel: efifb: Truecolor: size=8:8:8:8, shift=24:16:8:0
      1 Nov 09 14:42:54 aphrora kernel: EFI Variables Facility v0.08 2004-May-17
      1 Nov 09 14:42:54 aphrora kernel: ehci_hcd: USB 2.0 'Enhanced' Host Controller (EHCI) Driver
      1 Nov 09 14:42:54 aphrora kernel: ehci-pci: EHCI PCI platform driver
      1 Nov 09 14:42:54 aphrora kernel: ehci-platform: EHCI generic platform driver
      1 Nov 09 14:42:54 aphrora kernel: EISA bus registered
      1 Nov 09 14:42:54 aphrora kernel: ENERGY_PERF_BIAS: Set to 'normal', was 'performance'
      1 Nov 09 14:42:54 aphrora kernel: esrt: Reserving ESRT space from 0x0000000037ff4d18 to 0x0000000037ff4d78.
      1 Nov 09 14:42:54 aphrora kernel: ... event mask:             000000070000003f
      1 Nov 09 14:42:54 aphrora kernel: evm: HMAC attrs: 0x1
      1 Nov 09 14:42:54 aphrora kernel: evm: Initialising EVM extended attributes:
      1 Nov 09 14:42:54 aphrora kernel: evm: security.apparmor
      1 Nov 09 14:42:54 aphrora kernel: evm: security.capability
      1 Nov 09 14:42:54 aphrora kernel: evm: security.ima
      1 Nov 09 14:42:54 aphrora kernel: evm: security.selinux
      1 Nov 09 14:42:54 aphrora kernel: evm: security.SMACK64
      1 Nov 09 14:42:54 aphrora kernel: evm: security.SMACK64EXEC
      1 Nov 09 14:42:54 aphrora kernel: evm: security.SMACK64MMAP
      1 Nov 09 14:42:54 aphrora kernel: evm: security.SMACK64TRANSMUTE
      1 Nov 09 14:42:54 aphrora kernel: EXT4-fs (nvme0n1p7): mounted filesystem with ordered data mode. Opts: (null). Quota mode: none.
      1 Nov 09 14:42:54 aphrora kernel: EXT4-fs (nvme0n1p7): re-mounted. Opts: errors=remount-ro. Quota mode: none.
      1 Nov 09 14:42:54 aphrora kernel: Faking a node at [mem 0x0000000000000000-0x00000008afbfffff]
      1 Nov 09 14:42:54 aphrora kernel: fb0: EFI VGA frame buffer device
      1 Nov 09 14:42:54 aphrora kernel: fbcon: Deferring console take-over
      1 Nov 09 14:42:54 aphrora kernel: fbcon: Taking over console
      1 Nov 09 14:42:54 aphrora kernel: ... fixed-purpose events:   3
      1 Nov 09 14:42:54 aphrora kernel: Freeing initrd memory: 89616K
      1 Nov 09 14:42:54 aphrora kernel: Freeing SMP alternatives memory: 40K
      1 Nov 09 14:42:54 aphrora kernel: Freeing unused decrypted memory: 2036K
      1 Nov 09 14:42:54 aphrora kernel: Freeing unused kernel image (initmem) memory: 3220K
      1 Nov 09 14:42:54 aphrora kernel: Freeing unused kernel image (rodata/data gap) memory: 1344K
      1 Nov 09 14:42:54 aphrora kernel: Freeing unused kernel image (text/rodata gap) memory: 2036K
      1 Nov 09 14:42:54 aphrora kernel: ftrace: allocated 197 pages with 4 groups
      1 Nov 09 14:42:54 aphrora kernel: ftrace: allocating 50297 entries in 197 pages
      1 Nov 09 14:42:54 aphrora kernel: fuse: init (API version 7.34)
      1 Nov 09 14:42:54 aphrora kernel: futex hash table entries: 4096 (order: 6, 262144 bytes, linear)
      1 Nov 09 14:42:54 aphrora kernel: ... generic registers:      6
      1 Nov 09 14:42:54 aphrora kernel: hid-generic 0018:347D:7853.0001: input,hidraw0: I2C HID v1.00 Mouse [BLTP7853:00 347D:7853] on i2c-BLTP7853:00
      1 Nov 09 14:42:54 aphrora kernel: hid: raw HID events driver (C) Jiri Kosina
      1 Nov 09 14:42:54 aphrora kernel:     HOME=/
      1 Nov 09 14:42:54 aphrora kernel: hpet_acpi_add: no address or irqs in _CRS
      1 Nov 09 14:42:54 aphrora kernel: hpet: HPET dysfunctional in PC10. Force disabled.
      1 Nov 09 14:42:54 aphrora kernel: hub 1-0:1.0: 1 port detected
      1 Nov 09 14:42:54 aphrora kernel: hub 1-0:1.0: USB hub found
      1 Nov 09 14:42:54 aphrora kernel: hub 2-0:1.0: 2 ports detected
      1 Nov 09 14:42:54 aphrora kernel: hub 2-0:1.0: USB hub found
      1 Nov 09 14:42:54 aphrora kernel: hub 3-0:1.0: 12 ports detected
      1 Nov 09 14:42:54 aphrora kernel: hub 3-0:1.0: USB hub found
      1 Nov 09 14:42:54 aphrora kernel: hub 4-0:1.0: 4 ports detected
      1 Nov 09 14:42:54 aphrora kernel: hub 4-0:1.0: USB hub found
      1 Nov 09 14:42:54 aphrora kernel: HugeTLB registered 1.00 GiB page size, pre-allocated 0 pages
      1 Nov 09 14:42:54 aphrora kernel: HugeTLB registered 2.00 MiB page size, pre-allocated 0 pages
      1 Nov 09 14:42:54 aphrora kernel:   Hygon HygonGenuine
      1 Nov 09 14:42:54 aphrora kernel: i2c_dev: i2c /dev entries driver
      1 Nov 09 14:42:54 aphrora kernel: i2c i2c-0: 8/8 memory slots populated (from DMI)
      1 Nov 09 14:42:54 aphrora kernel: i2c i2c-0: Systems with more than 4 memory slots not supported yet, not instantiating SPD
      1 Nov 09 14:42:54 aphrora kernel: i801_smbus 0000:00:1f.4: enabling device (0000 -> 0003)
      1 Nov 09 14:42:54 aphrora kernel: i801_smbus 0000:00:1f.4: SMBus using PCI interrupt
      1 Nov 09 14:42:54 aphrora kernel: i801_smbus 0000:00:1f.4: SPD Write Disable is set
      1 Nov 09 14:42:54 aphrora kernel: i8042: PNP: PS/2 appears to have AUX port disabled, if this is incorrect please boot with i8042.nopnp
      1 Nov 09 14:42:54 aphrora kernel: i8042: PNP: PS/2 Controller [PNP0303:PS2K] at 0x60,0x64 irq 1
      1 Nov 09 14:42:54 aphrora kernel: idma64 idma64.0: Found Intel integrated DMA 64-bit
      1 Nov 09 14:42:54 aphrora kernel: ima: Allocated hash algorithm: sha1
      1 Nov 09 14:42:54 aphrora kernel: ima: No architecture policies found
      1 Nov 09 14:42:54 aphrora kernel: ima: No TPM chip found, activating TPM-bypass!
      1 Nov 09 14:42:54 aphrora kernel:     /init
      1 Nov 09 14:42:54 aphrora kernel: Initialise system trusted keyrings
      1 Nov 09 14:42:54 aphrora kernel: Initmem setup node 0 [mem 0x0000000000001000-0x00000008afbfffff]
      1 Nov 09 14:42:54 aphrora kernel: Inode-cache hash table entries: 2097152 (order: 12, 16777216 bytes, linear)
      1 Nov 09 14:42:54 aphrora kernel: input: AT Translated Set 2 keyboard as /devices/platform/i8042/serio0/input/input3
      1 Nov 09 14:42:54 aphrora kernel: input: BLTP7853:00 347D:7853 as /devices/pci0000:00/0000:00:15.0/i2c_designware.0/i2c-1/i2c-BLTP7853:00/0018:347D:7853.0001/input/input7
      1 Nov 09 14:42:54 aphrora kernel: input: BLTP7853:00 347D:7853 Mouse as /devices/pci0000:00/0000:00:15.0/i2c_designware.0/i2c-1/i2c-BLTP7853:00/0018:347D:7853.0001/input/input4
      1 Nov 09 14:42:54 aphrora kernel: input: BLTP7853:00 347D:7853 Touchpad as /devices/pci0000:00/0000:00:15.0/i2c_designware.0/i2c-1/i2c-BLTP7853:00/0018:347D:7853.0001/input/input10
      1 Nov 09 14:42:54 aphrora kernel: input: BLTP7853:00 347D:7853 Touchpad as /devices/pci0000:00/0000:00:15.0/i2c_designware.0/i2c-1/i2c-BLTP7853:00/0018:347D:7853.0001/input/input5
      1 Nov 09 14:42:54 aphrora kernel: input: Huawei WMI hotkeys as /devices/platform/huawei-wmi/input/input8
      1 Nov 09 14:42:54 aphrora kernel: input: Lid Switch as /devices/LNXSYSTM:00/LNXSYBUS:00/PNP0C0D:00/input/input1
      1 Nov 09 14:42:54 aphrora kernel: input: Power Button as /devices/LNXSYSTM:00/LNXPWRBN:00/input/input2
      1 Nov 09 14:42:54 aphrora kernel: input: Power Button as /devices/LNXSYSTM:00/LNXSYBUS:00/PNP0C0C:00/input/input0
      1 Nov 09 14:42:54 aphrora kernel: In-situ OAM (IOAM) with IPv6
      1 Nov 09 14:42:54 aphrora kernel: integrity: Loaded X.509 cert 'Canonical Ltd. Master Certificate Authority: ad91990bc22ab1f517048c23b6655a268e345a63'
      1 Nov 09 14:42:54 aphrora kernel: integrity: Loading X.509 certificate: UEFI:MokListRT (MOKvar table)
      1 Nov 09 14:42:54 aphrora kernel: integrity: Platform Keyring initialized
      1 Nov 09 14:42:54 aphrora kernel:   Intel GenuineIntel
      1 Nov 09 14:42:54 aphrora kernel: intel-lpss 0000:00:15.0: enabling device (0000 -> 0002)
      1 Nov 09 14:42:54 aphrora kernel: intel_pstate: HWP enabled
      1 Nov 09 14:42:54 aphrora kernel: intel_pstate: Intel P-state driver initializing
      1 Nov 09 14:42:54 aphrora kernel: Intel(R) Wireless WiFi driver for Linux
      1 Nov 09 14:42:54 aphrora kernel: IOAPIC[0]: apic_id 2, version 32, address 0xfec00000, GSI 0-119
      1 Nov 09 14:42:54 aphrora kernel: iommu: Default domain type: Translated 
      1 Nov 09 14:42:54 aphrora kernel: iommu: DMA domain TLB invalidation policy: lazy mode 
      1 Nov 09 14:42:54 aphrora kernel: io scheduler mq-deadline registered
      1 Nov 09 14:42:54 aphrora kernel: IP idents hash table entries: 262144 (order: 9, 2097152 bytes, linear)
      1 Nov 09 14:42:54 aphrora kernel: IPI shorthand broadcast: enabled
      1 Nov 09 14:42:54 aphrora kernel: iwlwifi 0000:00:14.3: Detected crf-id 0x1300504, cnv-id 0x80400 wfpm id 0x80000030
      1 Nov 09 14:42:54 aphrora kernel: iwlwifi 0000:00:14.3: Detected Intel(R) Wi-Fi 6 AX201 160MHz, REV=0x370
      1 Nov 09 14:42:54 aphrora kernel: iwlwifi 0000:00:14.3: enabling device (0000 -> 0002)
      1 Nov 09 14:42:54 aphrora kernel: iwlwifi 0000:00:14.3: loaded firmware version 86.fb5c9aeb.0 so-a0-hr-b0-86.ucode op_mode iwlmvm
      1 Nov 09 14:42:54 aphrora kernel: iwlwifi 0000:00:14.3: PCI dev 51f1/0074, rev=0x370, rfid=0x10a100
      1 Nov 09 14:42:54 aphrora kernel: iwlwifi 0000:00:14.3: TLV_FW_FSEQ_VERSION: FSEQ Version: 0.0.2.41
      1 Nov 09 14:42:54 aphrora kernel: iwlwifi 0000:00:14.3: WRT: Failed to allocate TLV 0x1000007, ret -22, (ext=0)
      1 Nov 09 14:42:54 aphrora kernel: iwlwifi 0000:00:14.3: WRT: Invalid time point 28 for host command TLV
      1 Nov 09 14:42:54 aphrora kernel: iwlwifi_compat: loading out-of-tree module taints kernel.
      1 Nov 09 14:42:54 aphrora kernel: iwlwifi-stack-public:master:11510:0106cce5
      1 Nov 09 14:42:54 aphrora kernel: Kernel command line: BOOT_IMAGE=/boot/vmlinuz-5.15.0-122-lowlatency root=UUID=4b5a17af-4c47-43df-bb25-eb5a46c46ad8 ro quiet splash vt.handoff=7
      1 Nov 09 14:42:54 aphrora kernel: KERNEL supported cpus:
      1 Nov 09 14:42:54 aphrora kernel: Key type asymmetric registered
      1 Nov 09 14:42:54 aphrora kernel: Key type blacklist registered
      1 Nov 09 14:42:54 aphrora kernel: Key type dns_resolver registered
      1 Nov 09 14:42:54 aphrora kernel: Key type encrypted registered
      1 Nov 09 14:42:54 aphrora kernel: Key type fscrypt-provisioning registered
      1 Nov 09 14:42:54 aphrora kernel: Key type .fscrypt registered
      1 Nov 09 14:42:54 aphrora kernel: kprobes: kprobe jump-optimization is enabled. All kprobes are optimized if possible.
      1 Nov 09 14:42:54 aphrora kernel: landlock: Up and running.
      1 Nov 09 14:42:54 aphrora kernel: Last level dTLB entries: 4KB 0, 2MB 0, 4MB 0, 1GB 0
      1 Nov 09 14:42:54 aphrora kernel: Last level iTLB entries: 4KB 0, 2MB 0, 4MB 0
      1 Nov 09 14:42:54 aphrora kernel: last_pfn = 0x44b00 max_arch_pfn = 0x400000000
      1 Nov 09 14:42:54 aphrora kernel: last_pfn = 0x8afc00 max_arch_pfn = 0x400000000
      1 Nov 09 14:42:54 aphrora kernel: ledtrig-cpu: registered to indicate activity on CPUs
      1 Nov 09 14:42:54 aphrora kernel: libata version 3.00 loaded.
      1 Nov 09 14:42:54 aphrora kernel: Linux agpgart interface v0.103
      1 Nov 09 14:42:54 aphrora kernel: Linux version 5.15.0-122-lowlatency (buildd@lcy02-amd64-112) (gcc (Ubuntu 9.4.0-1ubuntu1~20.04.2) 9.4.0, GNU ld (GNU Binutils for Ubuntu) 2.34) #132~20.04.1-Ubuntu SMP PREEMPT Fri Aug 30 15:30:39 UTC 2024 (Ubuntu 5.15.0-122.132~20.04.1-lowlatency 5.15.163)
      2 Nov 09 14:42:54 aphrora kernel: Loaded X.509 cert 'Build time autogenerated kernel key: 5ccfed2fb29894ad98ff719258fe58377fc95a70'
      1 Nov 09 14:42:54 aphrora kernel: Loaded X.509 cert 'Canonical Ltd. Kernel Module Signing: 88f752e560a1e0737e31163a466ad7b70a850c19'
      1 Nov 09 14:42:54 aphrora kernel: Loaded X.509 cert 'Canonical Ltd. Live Patch Signing: 14df34d1a87cf37625abec039ef2bf521249b969'
      1 Nov 09 14:42:54 aphrora kernel: Loaded X.509 cert 'Canonical Ltd. Secure Boot Signing (2017): 242ade75ac4a15e50d50c84b0d45ff3eae707a03'
      1 Nov 09 14:42:54 aphrora kernel: Loaded X.509 cert 'Canonical Ltd. Secure Boot Signing (2019): c0746fd6c5da3ae827864651ad66ae47fe24b3e8'
      1 Nov 09 14:42:54 aphrora kernel: Loaded X.509 cert 'Canonical Ltd. Secure Boot Signing (2021 v1): a8d54bbb3825cfb94fa13c9f8a594a195c107b8d'
      1 Nov 09 14:42:54 aphrora kernel: Loaded X.509 cert 'Canonical Ltd. Secure Boot Signing (2021 v2): 4cf046892d6fd3c9a5b03f98d845f90851dc6a8c'
      1 Nov 09 14:42:54 aphrora kernel: Loaded X.509 cert 'Canonical Ltd. Secure Boot Signing (2021 v3): 100437bb6de6e469b581e61cd66bce3ef4ed53af'
      1 Nov 09 14:42:54 aphrora kernel: Loaded X.509 cert 'Canonical Ltd. Secure Boot Signing: 61482aa2830d0ab2ad5af10b7250da9033ddcef0'
      1 Nov 09 14:42:54 aphrora kernel: Loaded X.509 cert 'Canonical Ltd. Secure Boot Signing (ESM 2018): 365188c1d374d6b07c3c8f240f8ef722433d6a8b'
      1 Nov 09 14:42:54 aphrora kernel: Loaded X.509 cert 'Canonical Ltd. Secure Boot Signing (Ubuntu Core 2019): c1d57b8f6b743f23ee41f4f7ee292f06eecadfb9'
      1 Nov 09 14:42:54 aphrora kernel: Loaded X.509 cert 'sforshee: 00b28ddf47aef9cea7'
      1 Nov 09 14:42:54 aphrora kernel: Loading compiled-in module X.509 certificates
      1 Nov 09 14:42:54 aphrora kernel: Loading compiled-in X.509 certificates
      1 Nov 09 14:42:54 aphrora kernel: Loading modules backported from iwlwifi
      1 Nov 09 14:42:54 aphrora kernel: loop0: detected capacity change from 0 to 8
      1 Nov 09 14:42:54 aphrora kernel: loop10: detected capacity change from 0 to 94064
      1 Nov 09 14:42:54 aphrora kernel: loop11: detected capacity change from 0 to 79520
      1 Nov 09 14:42:54 aphrora kernel: loop12: detected capacity change from 0 to 187776
      1 Nov 09 14:42:54 aphrora kernel: loop13: detected capacity change from 0 to 138768
      1 Nov 09 14:42:54 aphrora kernel: loop14: detected capacity change from 0 to 416440
      1 Nov 09 14:42:54 aphrora kernel: loop15: detected capacity change from 0 to 1034424
      1 Nov 09 14:42:54 aphrora kernel: loop16: detected capacity change from 0 to 131016
      1 Nov 09 14:42:54 aphrora kernel: loop17: detected capacity change from 0 to 716176
      1 Nov 09 14:42:54 aphrora kernel: loop18: detected capacity change from 0 to 151296
      1 Nov 09 14:42:54 aphrora kernel: loop1: detected capacity change from 0 to 352984
      1 Nov 09 14:42:54 aphrora kernel: loop2: detected capacity change from 0 to 130448
      1 Nov 09 14:42:54 aphrora kernel: loop3: detected capacity change from 0 to 24984
      1 Nov 09 14:42:54 aphrora kernel: loop4: detected capacity change from 0 to 709280
      1 Nov 09 14:42:54 aphrora kernel: loop5: detected capacity change from 0 to 648120
      1 Nov 09 14:42:54 aphrora kernel: loop6: detected capacity change from 0 to 43216
      1 Nov 09 14:42:54 aphrora kernel: loop7: detected capacity change from 0 to 152056
      1 Nov 09 14:42:54 aphrora kernel: loop8: detected capacity change from 0 to 102072
      1 Nov 09 14:42:54 aphrora kernel: loop9: detected capacity change from 0 to 138776
      1 Nov 09 14:42:54 aphrora kernel: loop: module loaded
      1 Nov 09 14:42:54 aphrora kernel: lp: driver loaded but no devices found
      1 Nov 09 14:42:54 aphrora kernel: LSM: Security Framework initializing
      1 Nov 09 14:42:54 aphrora kernel: ... max period:             00007fffffffffff
      1 Nov 09 14:42:54 aphrora kernel: mc: Linux media interface: v0.10
      1 Nov 09 14:42:54 aphrora kernel: mei_me 0000:00:16.0: enabling device (0000 -> 0002)
      1 Nov 09 14:42:54 aphrora kernel: [mem 0x50400000-0xbfffffff] available for PCI devices
      1 Nov 09 14:42:54 aphrora kernel: mem auto-init: stack:off, heap alloc:on, heap free:off
      1 Nov 09 14:42:54 aphrora kernel: Memory: 32371292K/33271672K available (16393K kernel code, 4447K rwdata, 10944K rodata, 3220K init, 18804K bss, 900120K reserved, 0K cma-reserved)
      1 Nov 09 14:42:54 aphrora kernel: microcode: microcode updated early to revision 0x4122, date = 2024-02-22
      1 Nov 09 14:42:54 aphrora kernel: microcode: Microcode Update Driver: v2.2.
      1 Nov 09 14:42:54 aphrora kernel: microcode: sig=0xb06a2, pf=0x80, revision=0x4122
      1 Nov 09 14:42:54 aphrora kernel: Monitor-Mwait will be used to enter C-1 state
      1 Nov 09 14:42:54 aphrora kernel: Monitor-Mwait will be used to enter C-2 state
      1 Nov 09 14:42:54 aphrora kernel: Monitor-Mwait will be used to enter C-3 state
      1 Nov 09 14:42:54 aphrora kernel: Mount-cache hash table entries: 65536 (order: 7, 524288 bytes, linear)
      1 Nov 09 14:42:54 aphrora kernel: Mountpoint-cache hash table entries: 65536 (order: 7, 524288 bytes, linear)
      1 Nov 09 14:42:54 aphrora kernel: mousedev: PS/2 mouse device common for all mice
      1 Nov 09 14:42:54 aphrora kernel: Movable zone start for each node
      1 Nov 09 14:42:54 aphrora kernel: MPTCP token hash table entries: 32768 (order: 7, 786432 bytes, linear)
      1 Nov 09 14:42:54 aphrora kernel: NetLabel:  domain hash size = 128
      1 Nov 09 14:42:54 aphrora kernel: NetLabel: Initializing
      1 Nov 09 14:42:54 aphrora kernel: NetLabel:  protocols = UNLABELED CIPSOv4 CALIPSO
      1 Nov 09 14:42:54 aphrora kernel: NetLabel:  unlabeled traffic allowed by default
      1 Nov 09 14:42:54 aphrora kernel: NET: Registered PF_BLUETOOTH protocol family
      1 Nov 09 14:42:54 aphrora kernel: NET: Registered PF_INET6 protocol family
      1 Nov 09 14:42:54 aphrora kernel: NET: Registered PF_INET protocol family
      1 Nov 09 14:42:54 aphrora kernel: NET: Registered PF_NETLINK/PF_ROUTE protocol family
      1 Nov 09 14:42:54 aphrora kernel: NET: Registered PF_PACKET protocol family
      1 Nov 09 14:42:54 aphrora kernel: NET: Registered PF_UNIX/PF_LOCAL protocol family
      1 Nov 09 14:42:54 aphrora kernel: NET: Registered PF_XDP protocol family
      1 Nov 09 14:42:54 aphrora kernel: NMI watchdog: Enabled. Permanently consumes one hw-PMU counter.
      1 Nov 09 14:42:54 aphrora kernel: .... node  #0, CPUs:        #1  #2  #3  #4  #5  #6  #7  #8  #9 #10 #11 #12 #13 #14 #15
      1 Nov 09 14:42:54 aphrora kernel:   node   0: [mem 0x0000000000001000-0x000000000009efff]
      1 Nov 09 14:42:54 aphrora kernel:   node   0: [mem 0x0000000000100000-0x000000003d228fff]
      1 Nov 09 14:42:54 aphrora kernel:   node   0: [mem 0x000000003db29000-0x000000003f93efff]
      1 Nov 09 14:42:54 aphrora kernel:   node   0: [mem 0x0000000044aff000-0x0000000044afffff]
      1 Nov 09 14:42:54 aphrora kernel:   node   0: [mem 0x0000000100000000-0x00000008afbfffff]
      1 Nov 09 14:42:54 aphrora kernel: NODE_DATA(0) allocated [mem 0x8afbd6000-0x8afbfffff]
      1 Nov 09 14:42:54 aphrora kernel: No NUMA configuration found
      1 Nov 09 14:42:54 aphrora kernel:   Normal   [mem 0x0000000100000000-0x00000008afbfffff]
      1 Nov 09 14:42:54 aphrora kernel: NR_IRQS: 524544, nr_irqs: 2184, preallocated irqs: 16
      1 Nov 09 14:42:54 aphrora kernel: nvme 0000:02:00.0: platform quirk: setting simple suspend
      1 Nov 09 14:42:54 aphrora kernel:  nvme0n1: p1 p2 p3 p4 p5 p6 p7
      1 Nov 09 14:42:54 aphrora kernel: nvme nvme0: 16/0/0 default/read/poll queues
      1 Nov 09 14:42:54 aphrora kernel: nvme nvme0: allocated 64 MiB host memory buffer.
      1 Nov 09 14:42:54 aphrora kernel: nvme nvme0: pci function 0000:02:00.0
      1 Nov 09 14:42:54 aphrora kernel: NX (Execute Disable) protection: active
      1 Nov 09 14:42:54 aphrora kernel: ohci_hcd: USB 1.1 'Open' Host Controller (OHCI) Driver
      1 Nov 09 14:42:54 aphrora kernel: ohci-pci: OHCI PCI platform driver
      1 Nov 09 14:42:54 aphrora kernel: ohci-platform: OHCI generic platform driver
      1 Nov 09 14:42:54 aphrora kernel: On node 0, zone DMA: 1 pages in unavailable ranges
      1 Nov 09 14:42:54 aphrora kernel: On node 0, zone DMA32: 20928 pages in unavailable ranges
      1 Nov 09 14:42:54 aphrora kernel: On node 0, zone DMA32: 2304 pages in unavailable ranges
      1 Nov 09 14:42:54 aphrora kernel: On node 0, zone DMA: 97 pages in unavailable ranges
      1 Nov 09 14:42:54 aphrora kernel: On node 0, zone Normal: 1024 pages in unavailable ranges
      1 Nov 09 14:42:54 aphrora kernel: On node 0, zone Normal: 13568 pages in unavailable ranges
      1 Nov 09 14:42:54 aphrora kernel: pci 0000:00:00.0: [8086:a707] type 00 class 0x060000
      1 Nov 09 14:42:54 aphrora kernel: pci 0000:00:02.0: [8086:a7a0] type 00 class 0x030000
      1 Nov 09 14:42:54 aphrora kernel: pci 0000:00:02.0: BAR 2: assigned to efifb
      1 Nov 09 14:42:54 aphrora kernel: pci 0000:00:02.0: BAR 7: assigned [mem 0x4010000000-0x4016ffffff 64bit]
      1 Nov 09 14:42:54 aphrora kernel: pci 0000:00:02.0: BAR 9: assigned [mem 0x4020000000-0x40ffffffff 64bit pref]
      1 Nov 09 14:42:54 aphrora kernel: pci 0000:00:02.0: DMAR: Skip IOMMU disabling for graphics
      1 Nov 09 14:42:54 aphrora kernel: pci 0000:00:02.0: reg 0x10: [mem 0x6000000000-0x6000ffffff 64bit]
      1 Nov 09 14:42:54 aphrora kernel: pci 0000:00:02.0: reg 0x18: [mem 0x4000000000-0x400fffffff 64bit pref]
      1 Nov 09 14:42:54 aphrora kernel: pci 0000:00:02.0: reg 0x20: [io  0x3000-0x303f]
      1 Nov 09 14:42:54 aphrora kernel: pci 0000:00:02.0: reg 0x344: [mem 0x00000000-0x00ffffff 64bit]
      1 Nov 09 14:42:54 aphrora kernel: pci 0000:00:02.0: reg 0x34c: [mem 0x00000000-0x1fffffff 64bit pref]
      1 Nov 09 14:42:54 aphrora kernel: pci 0000:00:02.0: VF(n) BAR0 space: [mem 0x00000000-0x06ffffff 64bit] (contains BAR0 for 7 VFs)
      1 Nov 09 14:42:54 aphrora kernel: pci 0000:00:02.0: VF(n) BAR2 space: [mem 0x00000000-0xdfffffff 64bit pref] (contains BAR2 for 7 VFs)
      1 Nov 09 14:42:54 aphrora kernel: pci 0000:00:02.0: vgaarb: bridge control possible
      1 Nov 09 14:42:54 aphrora kernel: pci 0000:00:02.0: vgaarb: setting as boot VGA device
      1 Nov 09 14:42:54 aphrora kernel: pci 0000:00:02.0: vgaarb: VGA device added: decodes=io+mem,owns=io+mem,locks=none
      1 Nov 09 14:42:54 aphrora kernel: pci 0000:00:02.0: Video device with shadowed ROM at [mem 0x000c0000-0x000dffff]
      1 Nov 09 14:42:54 aphrora kernel: pci 0000:00:04.0: [8086:a71d] type 00 class 0x118000
      1 Nov 09 14:42:54 aphrora kernel: pci 0000:00:04.0: reg 0x10: [mem 0x6001100000-0x600111ffff 64bit]
      1 Nov 09 14:42:54 aphrora kernel: pci 0000:00:06.0: [8086:a74d] type 01 class 0x060400
      2 Nov 09 14:42:54 aphrora kernel: pci 0000:00:06.0: PCI bridge to [bus 01]
      1 Nov 09 14:42:54 aphrora kernel: pci 0000:00:06.0: PME# supported from D0 D3hot D3cold
      1 Nov 09 14:42:54 aphrora kernel: pci 0000:00:06.0: PTM enabled (root), 4ns granularity
      1 Nov 09 14:42:54 aphrora kernel: pci 0000:00:06.2: [8086:a73d] type 01 class 0x060400
      2 Nov 09 14:42:54 aphrora kernel: pci 0000:00:06.2:   bridge window [mem 0x50400000-0x504fffff]
      2 Nov 09 14:42:54 aphrora kernel: pci 0000:00:06.2: PCI bridge to [bus 02]
      1 Nov 09 14:42:54 aphrora kernel: pci 0000:00:06.2: PME# supported from D0 D3hot D3cold
      1 Nov 09 14:42:54 aphrora kernel: pci 0000:00:06.2: PTM enabled (root), 4ns granularity
      1 Nov 09 14:42:54 aphrora kernel: pci 0000:00:0a.0: [8086:a77d] type 00 class 0x118000
      1 Nov 09 14:42:54 aphrora kernel: pci 0000:00:0a.0: enabling Extended Tags
      1 Nov 09 14:42:54 aphrora kernel: pci 0000:00:0a.0: reg 0x10: [mem 0x6001130000-0x6001137fff 64bit]
      1 Nov 09 14:42:54 aphrora kernel: pci 0000:00:0d.0: [8086:a71e] type 00 class 0x0c0330
      1 Nov 09 14:42:54 aphrora kernel: pci 0000:00:0d.0: PME# supported from D3hot D3cold
      1 Nov 09 14:42:54 aphrora kernel: pci 0000:00:0d.0: reg 0x10: [mem 0x6001120000-0x600112ffff 64bit]
      1 Nov 09 14:42:54 aphrora kernel: pci 0000:00:14.0: [8086:51ed] type 00 class 0x0c0330
      1 Nov 09 14:42:54 aphrora kernel: pci 0000:00:14.0: PME# supported from D3hot D3cold
      1 Nov 09 14:42:54 aphrora kernel: pci 0000:00:14.0: reg 0x10: [mem 0x50500000-0x5050ffff 64bit]
      1 Nov 09 14:42:54 aphrora kernel: pci 0000:00:14.2: [8086:51ef] type 00 class 0x050000
      1 Nov 09 14:42:54 aphrora kernel: pci 0000:00:14.2: reg 0x10: [mem 0x6001148000-0x600114bfff 64bit]
      1 Nov 09 14:42:54 aphrora kernel: pci 0000:00:14.2: reg 0x18: [mem 0x600114f000-0x600114ffff 64bit]
      1 Nov 09 14:42:54 aphrora kernel: pci 0000:00:14.3: [8086:51f1] type 00 class 0x028000
      1 Nov 09 14:42:54 aphrora kernel: pci 0000:00:14.3: PME# supported from D0 D3hot D3cold
      1 Nov 09 14:42:54 aphrora kernel: pci 0000:00:14.3: reg 0x10: [mem 0x6001144000-0x6001147fff 64bit]
      1 Nov 09 14:42:54 aphrora kernel: pci 0000:00:15.0: [8086:51e8] type 00 class 0x0c8000
      1 Nov 09 14:42:54 aphrora kernel: pci 0000:00:15.0: BAR 0: assigned [mem 0x4017000000-0x4017000fff 64bit]
      1 Nov 09 14:42:54 aphrora kernel: pci 0000:00:15.0: reg 0x10: [mem 0x00000000-0x00000fff 64bit]
      1 Nov 09 14:42:54 aphrora kernel: pci 0000:00:16.0: [8086:51e0] type 00 class 0x078000
      1 Nov 09 14:42:54 aphrora kernel: pci 0000:00:16.0: PME# supported from D3hot
      1 Nov 09 14:42:54 aphrora kernel: pci 0000:00:16.0: reg 0x10: [mem 0x600114d000-0x600114dfff 64bit]
      1 Nov 09 14:42:54 aphrora kernel: pci 0000:00:1f.0: [8086:519d] type 00 class 0x060100
      1 Nov 09 14:42:54 aphrora kernel: pci 0000:00:1f.3: [8086:51ca] type 00 class 0x040380
      1 Nov 09 14:42:54 aphrora kernel: pci 0000:00:1f.3: PME# supported from D3hot D3cold
      1 Nov 09 14:42:54 aphrora kernel: pci 0000:00:1f.3: reg 0x10: [mem 0x6001140000-0x6001143fff 64bit]
      1 Nov 09 14:42:54 aphrora kernel: pci 0000:00:1f.3: reg 0x20: [mem 0x6001000000-0x60010fffff 64bit]
      1 Nov 09 14:42:54 aphrora kernel: pci 0000:00:1f.4: [8086:51a3] type 00 class 0x0c0500
      1 Nov 09 14:42:54 aphrora kernel: pci 0000:00:1f.4: reg 0x10: [mem 0x600114c000-0x600114c0ff 64bit]
      1 Nov 09 14:42:54 aphrora kernel: pci 0000:00:1f.4: reg 0x20: [io  0xefa0-0xefbf]
      1 Nov 09 14:42:54 aphrora kernel: pci 0000:00:1f.5: [8086:51a4] type 00 class 0x0c8000
      1 Nov 09 14:42:54 aphrora kernel: pci 0000:00:1f.5: BAR 0: assigned [mem 0x50510000-0x50510fff]
      1 Nov 09 14:42:54 aphrora kernel: pci 0000:00:1f.5: can't claim BAR 0 [mem 0xfe010000-0xfe010fff]: no compatible bridge window
      1 Nov 09 14:42:54 aphrora kernel: pci 0000:00:1f.5: reg 0x10: [mem 0xfe010000-0xfe010fff]
      1 Nov 09 14:42:54 aphrora kernel: pci 0000:02:00.0: [1e0f:000c] type 00 class 0x010802
      1 Nov 09 14:42:54 aphrora kernel: pci 0000:02:00.0: reg 0x10: [mem 0x50400000-0x50403fff 64bit]
      1 Nov 09 14:42:54 aphrora kernel: pci_bus 0000:00: max bus depth: 1 pci_try_num: 2
      1 Nov 09 14:42:54 aphrora kernel: pci_bus 0000:00: resource 4 [io  0x0000-0x0cf7 window]
      1 Nov 09 14:42:54 aphrora kernel: pci_bus 0000:00: resource 5 [io  0x0d00-0xffff window]
      1 Nov 09 14:42:54 aphrora kernel: pci_bus 0000:00: resource 6 [mem 0x000a0000-0x000bffff window]
      1 Nov 09 14:42:54 aphrora kernel: pci_bus 0000:00: resource 7 [mem 0x50400000-0xbfffffff window]
      1 Nov 09 14:42:54 aphrora kernel: pci_bus 0000:00: resource 8 [mem 0x4000000000-0x7fffffffff window]
      1 Nov 09 14:42:54 aphrora kernel: pci_bus 0000:00: root bus resource [bus 00-fe]
      1 Nov 09 14:42:54 aphrora kernel: pci_bus 0000:00: root bus resource [io  0x0000-0x0cf7 window]
      1 Nov 09 14:42:54 aphrora kernel: pci_bus 0000:00: root bus resource [io  0x0d00-0xffff window]
      1 Nov 09 14:42:54 aphrora kernel: pci_bus 0000:00: root bus resource [mem 0x000a0000-0x000bffff window]
      1 Nov 09 14:42:54 aphrora kernel: pci_bus 0000:00: root bus resource [mem 0x4000000000-0x7fffffffff window]
      1 Nov 09 14:42:54 aphrora kernel: pci_bus 0000:00: root bus resource [mem 0x50400000-0xbfffffff window]
      1 Nov 09 14:42:54 aphrora kernel: pci_bus 0000:02: resource 1 [mem 0x50400000-0x504fffff]
      1 Nov 09 14:42:54 aphrora kernel: PCI: CLS 64 bytes, default 64
      1 Nov 09 14:42:54 aphrora kernel: PCI-DMA: Using software bounce buffering for IO (SWIOTLB)
      1 Nov 09 14:42:54 aphrora kernel: pcieport 0000:00:06.0: PME: Signaling with IRQ 122
      1 Nov 09 14:42:54 aphrora kernel: pcieport 0000:00:06.2: PME: Signaling with IRQ 123
      1 Nov 09 14:42:54 aphrora kernel: PCI host bridge to bus 0000:00
      1 Nov 09 14:42:54 aphrora kernel: PCI: MMCONFIG at [mem 0xc0000000-0xcfffffff] reserved in E820
      1 Nov 09 14:42:54 aphrora kernel: PCI: MMCONFIG for domain 0000 [bus 00-ff] at [mem 0xc0000000-0xcfffffff] (base 0xc0000000)
      1 Nov 09 14:42:54 aphrora kernel: PCI: pci_cache_line_size set to 64 bytes
      1 Nov 09 14:42:54 aphrora kernel: PCI: Using ACPI for IRQ routing
      1 Nov 09 14:42:54 aphrora kernel: PCI: Using configuration type 1 for base access
      1 Nov 09 14:42:54 aphrora kernel: PCI: Using E820 reservations for host bridge windows
      1 Nov 09 14:42:54 aphrora kernel: PCI: Using host bridge windows from ACPI; if necessary, use "pci=nocrs" and report a bug
      1 Nov 09 14:42:54 aphrora kernel: pcpu-alloc: [0] 00 01 02 03 04 05 06 07 [0] 08 09 10 11 12 13 14 15 
      1 Nov 09 14:42:54 aphrora kernel: pcpu-alloc: s217088 r8192 d28672 u262144 alloc=1*2097152
      1 Nov 09 14:42:54 aphrora kernel: percpu: Embedded 62 pages/cpu s217088 r8192 d28672 u262144
      1 Nov 09 14:42:54 aphrora kernel: Performance Events: XSAVE Architectural LBR, PEBS fmt4+-baseline,  AnyThread deprecated, generic architected perfmon, 32-deep LBR, full-width counters, Intel PMU driver.
      1 Nov 09 14:42:54 aphrora kernel: pid_max: default: 32768 minimum: 301
      1 Nov 09 14:42:54 aphrora kernel: pinctrl core: initialized pinctrl subsystem
      1 Nov 09 14:42:54 aphrora kernel: platform eisa.0: Cannot allocate resource for EISA slot 1
      1 Nov 09 14:42:54 aphrora kernel: platform eisa.0: Cannot allocate resource for EISA slot 2
      1 Nov 09 14:42:54 aphrora kernel: platform eisa.0: Cannot allocate resource for EISA slot 3
      1 Nov 09 14:42:54 aphrora kernel: platform eisa.0: Cannot allocate resource for EISA slot 4
      1 Nov 09 14:42:54 aphrora kernel: platform eisa.0: Cannot allocate resource for EISA slot 5
      1 Nov 09 14:42:54 aphrora kernel: platform eisa.0: Cannot allocate resource for EISA slot 6
      1 Nov 09 14:42:54 aphrora kernel: platform eisa.0: Cannot allocate resource for EISA slot 7
      1 Nov 09 14:42:54 aphrora kernel: platform eisa.0: Cannot allocate resource for EISA slot 8
      1 Nov 09 14:42:54 aphrora kernel: platform eisa.0: EISA: Cannot allocate resource for mainboard
      1 Nov 09 14:42:54 aphrora kernel: platform eisa.0: EISA: Detected 0 cards
      1 Nov 09 14:42:54 aphrora kernel: platform eisa.0: Probing EISA bus 0
      1 Nov 09 14:42:54 aphrora kernel: PM: hibernation: Registered nosave memory: [mem 0x00000000-0x00000fff]
      1 Nov 09 14:42:54 aphrora kernel: PM: hibernation: Registered nosave memory: [mem 0x0009f000-0x000fffff]
      1 Nov 09 14:42:54 aphrora kernel: PM: hibernation: Registered nosave memory: [mem 0x37fbd000-0x37feffff]
      1 Nov 09 14:42:54 aphrora kernel: PM: hibernation: Registered nosave memory: [mem 0x37ff4000-0x37ff4fff]
      1 Nov 09 14:42:54 aphrora kernel: PM: hibernation: Registered nosave memory: [mem 0x3d229000-0x3db28fff]
      1 Nov 09 14:42:54 aphrora kernel: PM: hibernation: Registered nosave memory: [mem 0x3f93f000-0x419defff]
      1 Nov 09 14:42:54 aphrora kernel: PM: hibernation: Registered nosave memory: [mem 0x419df000-0x4498efff]
      1 Nov 09 14:42:54 aphrora kernel: PM: hibernation: Registered nosave memory: [mem 0x4498f000-0x44afefff]
      1 Nov 09 14:42:54 aphrora kernel: PM: hibernation: Registered nosave memory: [mem 0x44b00000-0x493fffff]
      1 Nov 09 14:42:54 aphrora kernel: PM: hibernation: Registered nosave memory: [mem 0x49400000-0x49ffffff]
      1 Nov 09 14:42:54 aphrora kernel: PM: hibernation: Registered nosave memory: [mem 0x4a000000-0x503fffff]
      1 Nov 09 14:42:54 aphrora kernel: PM: hibernation: Registered nosave memory: [mem 0x50400000-0xbfffffff]
      1 Nov 09 14:42:54 aphrora kernel: PM: hibernation: Registered nosave memory: [mem 0xc0000000-0xcfffffff]
      1 Nov 09 14:42:54 aphrora kernel: PM: hibernation: Registered nosave memory: [mem 0xd0000000-0xfed1ffff]
      1 Nov 09 14:42:54 aphrora kernel: PM: hibernation: Registered nosave memory: [mem 0xfed20000-0xfed7ffff]
      1 Nov 09 14:42:54 aphrora kernel: PM: hibernation: Registered nosave memory: [mem 0xfed80000-0xfeffffff]
      1 Nov 09 14:42:54 aphrora kernel: PM: hibernation: Registered nosave memory: [mem 0xff000000-0xffffffff]
      1 Nov 09 14:42:54 aphrora kernel: PM:   Magic number: 0:27:721
      1 Nov 09 14:42:54 aphrora kernel: PM: RTC time: 06:42:52, date: 2024-11-09
      1 Nov 09 14:42:54 aphrora kernel: pnp 00:04: disabling [mem 0xc0000000-0xcfffffff] because it overlaps 0000:00:02.0 BAR 9 [mem 0x00000000-0xdfffffff 64bit pref]
      1 Nov 09 14:42:54 aphrora kernel: pnp: PnP ACPI: found 7 devices
      1 Nov 09 14:42:54 aphrora kernel: pnp: PnP ACPI init
      1 Nov 09 14:42:54 aphrora kernel: Policy zone: Normal
      1 Nov 09 14:42:54 aphrora kernel: ppdev: user-space parallel port driver
      1 Nov 09 14:42:54 aphrora kernel: PPP generic driver version 2.4.2
      1 Nov 09 14:42:54 aphrora kernel: pps_core: LinuxPPS API ver. 1 registered
      1 Nov 09 14:42:54 aphrora kernel: pps_core: Software ver. 5.3.6 - Copyright 2005-2007 Rodolfo Giometti <giometti@linux.it>
      1 Nov 09 14:42:54 aphrora kernel: printk: console [tty0] enabled
      1 Nov 09 14:42:54 aphrora kernel: process: using mwait in idle threads
      1 Nov 09 14:42:54 aphrora kernel: pstore: Registered efi as persistent store backend
      1 Nov 09 14:42:54 aphrora kernel: pstore: Using crash dump compression: deflate
      1 Nov 09 14:42:54 aphrora kernel: PTP clock support registered
      1 Nov 09 14:42:54 aphrora kernel: RAMDISK: [mem 0x319c3000-0x37146fff]
      1 Nov 09 14:42:54 aphrora kernel: random: crng init done
      1 Nov 09 14:42:54 aphrora kernel: RAS: Correctable Errors collector initialized.
      1 Nov 09 14:42:54 aphrora kernel: rcu: Adjusting geometry for rcu_fanout_leaf=16, nr_cpu_ids=16
      1 Nov 09 14:42:54 aphrora kernel: rcu: Hierarchical SRCU implementation.
      1 Nov 09 14:42:54 aphrora kernel: rcu: Preemptible hierarchical RCU implementation.
      1 Nov 09 14:42:54 aphrora kernel: rcu: RCU calculated value of scheduler-enlistment delay is 100 jiffies.
      1 Nov 09 14:42:54 aphrora kernel: rcu:         RCU restricting CPUs from NR_CPUS=8192 to nr_cpu_ids=16.
      1 Nov 09 14:42:54 aphrora kernel: Registered efivars operations
      1 Nov 09 14:42:54 aphrora kernel: registered taskstats version 1
      1 Nov 09 14:42:54 aphrora kernel: Register File Data Sampling: Mitigation: Clear Register File
      1 Nov 09 14:42:54 aphrora kernel: rtc_cmos 00:01: alarms up to one month, y3k, 242 bytes nvram
      1 Nov 09 14:42:54 aphrora kernel: rtc_cmos 00:01: registered as rtc0
      1 Nov 09 14:42:54 aphrora kernel: rtc_cmos 00:01: RTC can wake from S4
      1 Nov 09 14:42:54 aphrora kernel: rtc_cmos 00:01: setting system clock to 2024-11-09T06:42:53 UTC (1731134573)
      1 Nov 09 14:42:54 aphrora kernel:         Rude variant of Tasks RCU enabled.
      1 Nov 09 14:42:54 aphrora kernel: Run /init as init process
      1 Nov 09 14:42:54 aphrora kernel: sched_clock: Marking stable (1351168276, 19876307)->(1421685016, -50640433)
      1 Nov 09 14:42:54 aphrora kernel: SCSI subsystem initialized
      2 Nov 09 14:42:54 aphrora kernel: secureboot: Secure boot disabled
      1 Nov 09 14:42:54 aphrora kernel: Segment Routing with IPv6
      1 Nov 09 14:42:54 aphrora kernel: Serial: 8250/16550 driver, 32 ports, IRQ sharing enabled
      1 Nov 09 14:42:54 aphrora kernel: serio: i8042 KBD port at 0x60,0x64 irq 1
      1 Nov 09 14:42:54 aphrora kernel: setup_percpu: NR_CPUS:8192 nr_cpumask_bits:16 nr_cpu_ids:16 nr_node_ids:1
      1 Nov 09 14:42:54 aphrora kernel: shpchp: Standard Hot Plug PCI Controller Driver version: 0.4
      1 Nov 09 14:42:54 aphrora kernel: signal: max sigframe size: 3632
      1 Nov 09 14:42:54 aphrora kernel: SLUB: HWalign=64, Order=0-3, MinObjects=0, CPUs=16, Nodes=1
      1 Nov 09 14:42:54 aphrora kernel: SMBIOS 3.4.0 present.
      1 Nov 09 14:42:54 aphrora kernel: smpboot: Allowing 16 CPUs, 0 hotplug CPUs
      1 Nov 09 14:42:54 aphrora kernel: smpboot: CPU0: 13th Gen Intel(R) Core(TM) i5-13500H (family: 0x6, model: 0xba, stepping: 0x2)
      2 Nov 09 14:42:54 aphrora kernel: smpboot: Estimated ratio of average max frequency by base frequency (times 1024): 1472
      1 Nov 09 14:42:54 aphrora kernel: smpboot: Max logical packages: 1
      1 Nov 09 14:42:54 aphrora kernel: smpboot: Total of 16 processors activated (101990.40 BogoMIPS)
      1 Nov 09 14:42:54 aphrora kernel: smp: Bringing up secondary CPUs ...
      1 Nov 09 14:42:54 aphrora kernel: smp: Brought up 1 node, 16 CPUs
      1 Nov 09 14:42:54 aphrora kernel: software IO TLB: mapped [mem 0x000000002d9c3000-0x00000000319c3000] (64MB)
      1 Nov 09 14:42:54 aphrora kernel: Spectre V1 : Mitigation: usercopy/swapgs barriers and __user pointer sanitization
      1 Nov 09 14:42:54 aphrora kernel: Spectre V2 : mitigation: Enabling conditional Indirect Branch Prediction Barrier
      1 Nov 09 14:42:54 aphrora kernel: Spectre V2 : Mitigation: Enhanced / Automatic IBRS
      1 Nov 09 14:42:54 aphrora kernel: Spectre V2 : Spectre v2 / PBRSB-eIBRS: Retire a single CALL on VMEXIT
      1 Nov 09 14:42:54 aphrora kernel: Spectre V2 : Spectre v2 / SpectreRSB mitigation: Filling RSB on context switch
      1 Nov 09 14:42:54 aphrora kernel: Speculative Store Bypass: Mitigation: Speculative Store Bypass disabled via prctl and seccomp
      1 Nov 09 14:42:54 aphrora kernel:     splash
      1 Nov 09 14:42:54 aphrora kernel: squashfs: version 4.0 (2009/01/31) Phillip Lougher
      1 Nov 09 14:42:54 aphrora kernel: Switched APIC routing to cluster x2apic.
      1 Nov 09 14:42:54 aphrora kernel: system 00:00: [io  0x0680-0x069f] has been reserved
      1 Nov 09 14:42:54 aphrora kernel: system 00:00: [io  0x164e-0x164f] has been reserved
      1 Nov 09 14:42:54 aphrora kernel: system 00:02: [io  0x1854-0x1857] has been reserved
      1 Nov 09 14:42:54 aphrora kernel: system 00:04: [mem 0xfed20000-0xfed7ffff] has been reserved
      1 Nov 09 14:42:54 aphrora kernel: system 00:04: [mem 0xfed45000-0xfed8ffff] could not be reserved
      1 Nov 09 14:42:54 aphrora kernel: system 00:04: [mem 0xfed90000-0xfed93fff] could not be reserved
      1 Nov 09 14:42:54 aphrora kernel: system 00:04: [mem 0xfeda0000-0xfeda0fff] has been reserved
      1 Nov 09 14:42:54 aphrora kernel: system 00:04: [mem 0xfeda1000-0xfeda1fff] has been reserved
      1 Nov 09 14:42:54 aphrora kernel: system 00:04: [mem 0xfedc0000-0xfedc7fff] has been reserved
      1 Nov 09 14:42:54 aphrora kernel: system 00:04: [mem 0xfee00000-0xfeefffff] has been reserved
      1 Nov 09 14:42:54 aphrora kernel: system 00:05: [io  0x2000-0x20fe] has been reserved
      1 Nov 09 14:42:54 aphrora kernel: Table-perturb hash table entries: 65536 (order: 6, 262144 bytes, linear)
      1 Nov 09 14:42:54 aphrora kernel: TCP bind hash table entries: 65536 (order: 8, 1048576 bytes, linear)
      1 Nov 09 14:42:54 aphrora kernel: TCP established hash table entries: 262144 (order: 9, 2097152 bytes, linear)
      1 Nov 09 14:42:54 aphrora kernel: TCP: Hash tables configured (established 262144 bind 65536)
      1 Nov 09 14:42:54 aphrora kernel: tcp_listen_portaddr_hash hash table entries: 16384 (order: 6, 262144 bytes, linear)
      1 Nov 09 14:42:54 aphrora kernel:     TERM=linux
      1 Nov 09 14:42:54 aphrora kernel: thermal LNXTHERM:00: registered as thermal_zone0
      1 Nov 09 14:42:54 aphrora kernel: thermal_sys: Registered thermal governor 'bang_bang'
      1 Nov 09 14:42:54 aphrora kernel: thermal_sys: Registered thermal governor 'fair_share'
      1 Nov 09 14:42:54 aphrora kernel: thermal_sys: Registered thermal governor 'power_allocator'
      1 Nov 09 14:42:54 aphrora kernel: thermal_sys: Registered thermal governor 'step_wise'
      1 Nov 09 14:42:54 aphrora kernel: thermal_sys: Registered thermal governor 'user_space'
      1 Nov 09 14:42:54 aphrora kernel:         Tracing variant of Tasks RCU enabled.
      1 Nov 09 14:42:54 aphrora kernel:         Trampoline variant of Tasks RCU enabled.
      1 Nov 09 14:42:54 aphrora kernel: Trying to unpack rootfs image as initramfs...
      1 Nov 09 14:42:54 aphrora kernel: TSC deadline timer available
      1 Nov 09 14:42:54 aphrora kernel: tsc: Detected 3187.200 MHz TSC
      1 Nov 09 14:42:54 aphrora kernel: tsc: Detected 3200.000 MHz processor
      1 Nov 09 14:42:54 aphrora kernel: tun: Universal TUN/TAP device driver, 1.6
      1 Nov 09 14:42:54 aphrora kernel: UDP hash table entries: 16384 (order: 7, 524288 bytes, linear)
      1 Nov 09 14:42:54 aphrora kernel: UDP-Lite hash table entries: 16384 (order: 7, 524288 bytes, linear)
      1 Nov 09 14:42:54 aphrora kernel: uhci_hcd: USB Universal Host Controller Interface driver
      1 Nov 09 14:42:54 aphrora kernel: Unknown kernel command line parameters "splash BOOT_IMAGE=/boot/vmlinuz-5.15.0-122-lowlatency", will be passed to user space.
      1 Nov 09 14:42:54 aphrora kernel: usb 3-10: new full-speed USB device number 4 using xhci_hcd
      1 Nov 09 14:42:54 aphrora kernel: usb 3-10: New USB device found, idVendor=8087, idProduct=0026, bcdDevice= 0.02
      1 Nov 09 14:42:54 aphrora kernel: usb 3-10: New USB device strings: Mfr=0, Product=0, SerialNumber=0
      1 Nov 09 14:42:54 aphrora kernel: usb 3-6: Manufacturer: Quanta
      1 Nov 09 14:42:54 aphrora kernel: usb 3-6: new high-speed USB device number 2 using xhci_hcd
      1 Nov 09 14:42:54 aphrora kernel: usb 3-6: New USB device found, idVendor=0408, idProduct=1054, bcdDevice= 0.04
      1 Nov 09 14:42:54 aphrora kernel: usb 3-6: New USB device strings: Mfr=1, Product=2, SerialNumber=0
      1 Nov 09 14:42:54 aphrora kernel: usb 3-6: Product: HD Camera
      1 Nov 09 14:42:54 aphrora kernel: usb 3-8: Manufacturer: FPC
      1 Nov 09 14:42:54 aphrora kernel: usb 3-8: new full-speed USB device number 3 using xhci_hcd
      1 Nov 09 14:42:54 aphrora kernel: usb 3-8: New USB device found, idVendor=10a5, idProduct=a921, bcdDevice= 0.34
      1 Nov 09 14:42:54 aphrora kernel: usb 3-8: New USB device strings: Mfr=1, Product=2, SerialNumber=0
      1 Nov 09 14:42:54 aphrora kernel: usb 3-8: Product: FPC Sensor Controller
      1 Nov 09 14:42:54 aphrora kernel: usbcore: registered new device driver usb
      1 Nov 09 14:42:54 aphrora kernel: usbcore: registered new interface driver btusb
      1 Nov 09 14:42:54 aphrora kernel: usbcore: registered new interface driver hub
      1 Nov 09 14:42:54 aphrora kernel: usbcore: registered new interface driver usbfs
      1 Nov 09 14:42:54 aphrora kernel: usb usb1: Manufacturer: Linux 5.15.0-122-lowlatency xhci-hcd
      1 Nov 09 14:42:54 aphrora kernel: usb usb1: New USB device found, idVendor=1d6b, idProduct=0002, bcdDevice= 5.15
      1 Nov 09 14:42:54 aphrora kernel: usb usb1: New USB device strings: Mfr=3, Product=2, SerialNumber=1
      1 Nov 09 14:42:54 aphrora kernel: usb usb1: Product: xHCI Host Controller
      1 Nov 09 14:42:54 aphrora kernel: usb usb1: SerialNumber: 0000:00:0d.0
      1 Nov 09 14:42:54 aphrora kernel: usb usb2: Manufacturer: Linux 5.15.0-122-lowlatency xhci-hcd
      1 Nov 09 14:42:54 aphrora kernel: usb usb2: New USB device found, idVendor=1d6b, idProduct=0003, bcdDevice= 5.15
      1 Nov 09 14:42:54 aphrora kernel: usb usb2: New USB device strings: Mfr=3, Product=2, SerialNumber=1
      1 Nov 09 14:42:54 aphrora kernel: usb usb2: Product: xHCI Host Controller
      1 Nov 09 14:42:54 aphrora kernel: usb usb2: SerialNumber: 0000:00:0d.0
      1 Nov 09 14:42:54 aphrora kernel: usb usb3: Manufacturer: Linux 5.15.0-122-lowlatency xhci-hcd
      1 Nov 09 14:42:54 aphrora kernel: usb usb3: New USB device found, idVendor=1d6b, idProduct=0002, bcdDevice= 5.15
      1 Nov 09 14:42:54 aphrora kernel: usb usb3: New USB device strings: Mfr=3, Product=2, SerialNumber=1
      1 Nov 09 14:42:54 aphrora kernel: usb usb3: Product: xHCI Host Controller
      1 Nov 09 14:42:54 aphrora kernel: usb usb3: SerialNumber: 0000:00:14.0
      1 Nov 09 14:42:54 aphrora kernel: usb usb4: Manufacturer: Linux 5.15.0-122-lowlatency xhci-hcd
      1 Nov 09 14:42:54 aphrora kernel: usb usb4: New USB device found, idVendor=1d6b, idProduct=0003, bcdDevice= 5.15
      1 Nov 09 14:42:54 aphrora kernel: usb usb4: New USB device strings: Mfr=3, Product=2, SerialNumber=1
      1 Nov 09 14:42:54 aphrora kernel: usb usb4: Product: xHCI Host Controller
      1 Nov 09 14:42:54 aphrora kernel: usb usb4: SerialNumber: 0000:00:14.0
      1 Nov 09 14:42:54 aphrora kernel: Using GB pages for direct mapping
      1 Nov 09 14:42:54 aphrora kernel: ... value mask:             0000ffffffffffff
      1 Nov 09 14:42:54 aphrora kernel: ... version:                5
      1 Nov 09 14:42:54 aphrora kernel: VFIO - User Level meta-driver version: 0.3
      1 Nov 09 14:42:54 aphrora kernel: VFS: Disk quotas dquot_6.6.0
      1 Nov 09 14:42:54 aphrora kernel: VFS: Dquot-cache hash table entries: 512 (order 0, 4096 bytes)
      1 Nov 09 14:42:54 aphrora kernel: vgaarb: loaded
      1 Nov 09 14:42:54 aphrora kernel: videodev: Linux video capture interface: v2.00
      1 Nov 09 14:42:54 aphrora kernel:   with arguments:
      1 Nov 09 14:42:54 aphrora kernel:   with environment:
      1 Nov 09 14:42:54 aphrora kernel: workingset: timestamp_bits=36 max_order=23 bucket_order=0
      1 Nov 09 14:42:54 aphrora kernel: Write protecting the kernel read-only data: 30720k
      1 Nov 09 14:42:54 aphrora kernel: x2apic enabled
      1 Nov 09 14:42:54 aphrora kernel: x86: Booting SMP configuration:
      1 Nov 09 14:42:54 aphrora kernel: x86/cpu: User Mode Instruction Prevention (UMIP) activated
      1 Nov 09 14:42:54 aphrora kernel: x86/fpu: Enabled xstate features 0x207, context size is 840 bytes, using 'compacted' format.
      1 Nov 09 14:42:54 aphrora kernel: x86/fpu: Supporting XSAVE feature 0x001: 'x87 floating point registers'
      1 Nov 09 14:42:54 aphrora kernel: x86/fpu: Supporting XSAVE feature 0x002: 'SSE registers'
      1 Nov 09 14:42:54 aphrora kernel: x86/fpu: Supporting XSAVE feature 0x004: 'AVX registers'
      1 Nov 09 14:42:54 aphrora kernel: x86/fpu: Supporting XSAVE feature 0x200: 'Protection Keys User registers'
      1 Nov 09 14:42:54 aphrora kernel: x86/fpu: xstate_offset[2]:  576, xstate_sizes[2]:  256
      1 Nov 09 14:42:54 aphrora kernel: x86/fpu: xstate_offset[9]:  832, xstate_sizes[9]:    8
      1 Nov 09 14:42:54 aphrora kernel: x86/mm: Checked W+X mappings: passed, no W+X pages found.
      1 Nov 09 14:42:54 aphrora kernel: x86/mm: Memory block size: 128MB
      1 Nov 09 14:42:54 aphrora kernel: x86/PAT: Configuration [0-7]: WB  WC  UC- UC  WB  WP  UC- WT  
      1 Nov 09 14:42:54 aphrora kernel: x86/split lock detection: #AC: crashing the kernel on kernel split_locks and warning on user-space split_locks
      1 Nov 09 14:42:54 aphrora kernel: xhci_hcd 0000:00:0d.0: hcc params 0x20007fc1 hci version 0x120 quirks 0x0000000200009810
      1 Nov 09 14:42:54 aphrora kernel: xhci_hcd 0000:00:0d.0: Host supports USB 3.2 Enhanced SuperSpeed
      1 Nov 09 14:42:54 aphrora kernel: xhci_hcd 0000:00:0d.0: new USB bus registered, assigned bus number 1
      1 Nov 09 14:42:54 aphrora kernel: xhci_hcd 0000:00:0d.0: new USB bus registered, assigned bus number 2
      2 Nov 09 14:42:54 aphrora kernel: xhci_hcd 0000:00:0d.0: xHCI Host Controller
      1 Nov 09 14:42:54 aphrora kernel: xhci_hcd 0000:00:14.0: hcc params 0x20007fc1 hci version 0x120 quirks 0x0000100200009810
      1 Nov 09 14:42:54 aphrora kernel: xhci_hcd 0000:00:14.0: Host supports USB 3.1 Enhanced SuperSpeed
      1 Nov 09 14:42:54 aphrora kernel: xhci_hcd 0000:00:14.0: new USB bus registered, assigned bus number 3
      1 Nov 09 14:42:54 aphrora kernel: xhci_hcd 0000:00:14.0: new USB bus registered, assigned bus number 4
      2 Nov 09 14:42:54 aphrora kernel: xhci_hcd 0000:00:14.0: xHCI Host Controller
      1 Nov 09 14:42:54 aphrora kernel: Yama: becoming mindful.
      1 Nov 09 14:42:54 aphrora kernel: zbud: loaded
      1 Nov 09 14:42:54 aphrora kernel:   zhaoxin   Shanghai  
      1 Nov 09 14:42:54 aphrora kernel: Zone ranges:
      1 Nov 09 14:42:54 aphrora kernel: zswap: loaded using pool lzo/zbud
      1 Nov 09 14:42:54 aphrora lvm[521]:   2 logical volume(s) in volume group "system" monitored
      1 Nov 09 14:42:54 aphrora mtp-probe[760]: bus: 3, device: 3 was not an MTP device
      1 Nov 09 14:42:54 aphrora mtp-probe[760]: checking bus 3, device 3: "/sys/devices/pci0000:00/0000:00:14.0/usb3/3-8"
      1 Nov 09 14:42:54 aphrora mtp-probe[764]: bus: 3, device: 2 was not an MTP device
      1 Nov 09 14:42:54 aphrora mtp-probe[764]: checking bus 3, device 2: "/sys/devices/pci0000:00/0000:00:14.0/usb3/3-6"
      1 Nov 09 14:42:54 aphrora systemd[1]: Condition check resulted in Dispatch Password Requests to Console Directory Watch being skipped.
      1 Nov 09 14:42:54 aphrora systemd[1]: Condition check resulted in File System Check on Root Device being skipped.
      1 Nov 09 14:42:54 aphrora systemd[1]: Condition check resulted in Platform Persistent Storage Archival being skipped.
      1 Nov 09 14:42:54 aphrora systemd[1]: Condition check resulted in Rebuild Hardware Database being skipped.
      1 Nov 09 14:42:54 aphrora systemd[1]: Condition check resulted in Set Up Additional Binary Formats being skipped.
      1 Nov 09 14:42:54 aphrora systemd[1]: Configuration file /run/systemd/system/netplan-ovs-cleanup.service is marked world-inaccessible. This has no effect as configuration data is accessible via APIs without restrictions. Proceeding anyway.
      1 Nov 09 14:42:54 aphrora systemd[1]: Created slice system-lvm2\x2dpvscan.slice.
      1 Nov 09 14:42:54 aphrora systemd[1]: Created slice system-modprobe.slice.
      1 Nov 09 14:42:54 aphrora systemd[1]: Created slice system-systemd\x2dfsck.slice.
      1 Nov 09 14:42:54 aphrora systemd[1]: Created slice User and Session Slice.
      1 Nov 09 14:42:54 aphrora systemd[1]: Detected architecture x86-64.
      1 Nov 09 14:42:54 aphrora systemd[1]: Finished Apply Kernel Variables.
      1 Nov 09 14:42:54 aphrora systemd[1]: Finished Availability of block devices.
      1 Nov 09 14:42:54 aphrora systemd[1]: Finished Create list of static device nodes for the current kernel.
      1 Nov 09 14:42:54 aphrora systemd[1]: Finished Create Static Device Nodes in /dev.
      1 Nov 09 14:42:54 aphrora systemd[1]: Finished Create System Users.
      1 Nov 09 14:42:54 aphrora systemd[1]: Finished Flush Journal to Persistent Storage.
      1 Nov 09 14:42:54 aphrora systemd[1]: Finished Load Kernel Module chromeos_pstore.
      1 Nov 09 14:42:54 aphrora systemd[1]: Finished Load Kernel Module drm.
      1 Nov 09 14:42:54 aphrora systemd[1]: Finished Load Kernel Module efi_pstore.
      1 Nov 09 14:42:54 aphrora systemd[1]: Finished Load Kernel Module pstore_blk.
      1 Nov 09 14:42:54 aphrora systemd[1]: Finished Load Kernel Module pstore_zone.
      1 Nov 09 14:42:54 aphrora systemd[1]: Finished Load Kernel Module ramoops.
      1 Nov 09 14:42:54 aphrora systemd[1]: Finished Load Kernel Modules.
      1 Nov 09 14:42:54 aphrora systemd[1]: Finished Load/Save Random Seed.
      1 Nov 09 14:42:54 aphrora systemd[1]: Finished Monitoring of LVM2 mirrors, snapshots etc. using dmeventd or progress polling.
      1 Nov 09 14:42:54 aphrora systemd[1]: Finished Remount Root and Kernel File Systems.
      1 Nov 09 14:42:54 aphrora systemd[1]: Finished Set the console keyboard layout.
      1 Nov 09 14:42:54 aphrora systemd[1]: Finished udev Coldplug all Devices.
      1 Nov 09 14:42:54 aphrora systemd[1]: Finished Uncomplicated firewall.
      1 Nov 09 14:42:54 aphrora systemd[1]: Inserted module 'autofs4'
      1 Nov 09 14:42:54 aphrora systemd[1]: /lib/systemd/system/snapd.service:23: Unknown key name 'RestartMode' in section 'Service', ignoring.
      1 Nov 09 14:42:54 aphrora systemd[1]: Listening on Device-mapper event daemon FIFOs.
      1 Nov 09 14:42:54 aphrora systemd[1]: Listening on fsck to fsckd communication Socket.
      1 Nov 09 14:42:54 aphrora systemd[1]: Listening on initctl Compatibility Named Pipe.
      1 Nov 09 14:42:54 aphrora systemd[1]: Listening on Journal Audit Socket.
      1 Nov 09 14:42:54 aphrora systemd[1]: Listening on Journal Socket.
      1 Nov 09 14:42:54 aphrora systemd[1]: Listening on Journal Socket (/dev/log).
      1 Nov 09 14:42:54 aphrora systemd[1]: Listening on LVM2 poll daemon socket.
      1 Nov 09 14:42:54 aphrora systemd[1]: Listening on Syslog Socket.
      1 Nov 09 14:42:54 aphrora systemd[1]: Listening on udev Control Socket.
      1 Nov 09 14:42:54 aphrora systemd[1]: Listening on udev Kernel Socket.
      1 Nov 09 14:42:54 aphrora systemd[1]: modprobe@chromeos_pstore.service: Succeeded.
      1 Nov 09 14:42:54 aphrora systemd[1]: modprobe@drm.service: Succeeded.
      1 Nov 09 14:42:54 aphrora systemd[1]: modprobe@efi_pstore.service: Succeeded.
      1 Nov 09 14:42:54 aphrora systemd[1]: modprobe@pstore_blk.service: Succeeded.
      1 Nov 09 14:42:54 aphrora systemd[1]: modprobe@pstore_zone.service: Succeeded.
      1 Nov 09 14:42:54 aphrora systemd[1]: modprobe@ramoops.service: Succeeded.
      1 Nov 09 14:42:54 aphrora systemd[1]: Mounted Arbitrary Executable File Formats File System.
      1 Nov 09 14:42:54 aphrora systemd[1]: Mounted FUSE Control File System.
      1 Nov 09 14:42:54 aphrora systemd[1]: Mounted Huge Pages File System.
      1 Nov 09 14:42:54 aphrora systemd[1]: Mounted Kernel Configuration File System.
      1 Nov 09 14:42:54 aphrora systemd[1]: Mounted Kernel Debug File System.
      1 Nov 09 14:42:54 aphrora systemd[1]: Mounted Kernel Trace File System.
      1 Nov 09 14:42:54 aphrora systemd[1]: Mounted Mount unit for bare, revision 5.
      1 Nov 09 14:42:54 aphrora systemd[1]: Mounted Mount unit for chromium, revision 2985.
      1 Nov 09 14:42:54 aphrora systemd[1]: Mounted Mount unit for code, revision 174.
      1 Nov 09 14:42:54 aphrora systemd[1]: Mounted Mount unit for core20, revision 2379.
      1 Nov 09 14:42:54 aphrora systemd[1]: Mounted Mount unit for core20, revision 2434.
      1 Nov 09 14:42:54 aphrora systemd[1]: Mounted Mount unit for core22, revision 1621.
      1 Nov 09 14:42:54 aphrora systemd[1]: Mounted Mount unit for core22, revision 1663.
      1 Nov 09 14:42:54 aphrora systemd[1]: Mounted Mount unit for cups, revision 1058.
      1 Nov 09 14:42:54 aphrora systemd[1]: Mounted Mount unit for cups, revision 1067.
      1 Nov 09 14:42:54 aphrora systemd[1]: Mounted Mount unit for gnome-3-38-2004, revision 119.
      1 Nov 09 14:42:54 aphrora systemd[1]: Mounted Mount unit for gnome-3-38-2004, revision 143.
      1 Nov 09 14:42:54 aphrora systemd[1]: Mounted Mount unit for gnome-42-2204, revision 176.
      1 Nov 09 14:42:54 aphrora systemd[1]: Mounted Mount unit for gtk-common-themes, revision 1535.
      1 Nov 09 14:42:54 aphrora systemd[1]: Mounted Mount unit for libinput, revision 69.
      1 Nov 09 14:42:54 aphrora systemd[1]: Mounted Mount unit for mesa-core22, revision 311.
      1 Nov 09 14:42:54 aphrora systemd[1]: Mounted Mount unit for snapd, revision 18357.
      1 Nov 09 14:42:54 aphrora systemd[1]: Mounted Mount unit for snapd, revision 21759.
      1 Nov 09 14:42:54 aphrora systemd[1]: Mounted Mount unit for snap-store, revision 1216.
      1 Nov 09 14:42:54 aphrora systemd[1]: Mounted Mount unit for snap-store, revision 638.
      1 Nov 09 14:42:54 aphrora systemd[1]: Mounted POSIX Message Queue File System.
      1 Nov 09 14:42:54 aphrora systemd[1]: Mounting Arbitrary Executable File Formats File System...
      1 Nov 09 14:42:54 aphrora systemd[1]: Mounting FUSE Control File System...
      1 Nov 09 14:42:54 aphrora systemd[1]: Mounting Huge Pages File System...
      1 Nov 09 14:42:54 aphrora systemd[1]: Mounting Kernel Configuration File System...
      1 Nov 09 14:42:54 aphrora systemd[1]: Mounting Kernel Debug File System...
      1 Nov 09 14:42:54 aphrora systemd[1]: Mounting Kernel Trace File System...
      1 Nov 09 14:42:54 aphrora systemd[1]: Mounting Mount unit for bare, revision 5...
      1 Nov 09 14:42:54 aphrora systemd[1]: Mounting Mount unit for chromium, revision 2985...
      1 Nov 09 14:42:54 aphrora systemd[1]: Mounting Mount unit for code, revision 174...
      1 Nov 09 14:42:54 aphrora systemd[1]: Mounting Mount unit for core20, revision 2379...
      1 Nov 09 14:42:54 aphrora systemd[1]: Mounting Mount unit for core20, revision 2434...
      1 Nov 09 14:42:54 aphrora systemd[1]: Mounting Mount unit for core22, revision 1621...
      1 Nov 09 14:42:54 aphrora systemd[1]: Mounting Mount unit for core22, revision 1663...
      1 Nov 09 14:42:54 aphrora systemd[1]: Mounting Mount unit for cups, revision 1058...
      1 Nov 09 14:42:54 aphrora systemd[1]: Mounting Mount unit for cups, revision 1067...
      1 Nov 09 14:42:54 aphrora systemd[1]: Mounting Mount unit for gnome-3-38-2004, revision 119...
      1 Nov 09 14:42:54 aphrora systemd[1]: Mounting Mount unit for gnome-3-38-2004, revision 143...
      1 Nov 09 14:42:54 aphrora systemd[1]: Mounting Mount unit for gnome-42-2204, revision 176...
      1 Nov 09 14:42:54 aphrora systemd[1]: Mounting Mount unit for gtk-common-themes, revision 1535...
      1 Nov 09 14:42:54 aphrora systemd[1]: Mounting Mount unit for libinput, revision 69...
      1 Nov 09 14:42:54 aphrora systemd[1]: Mounting Mount unit for mesa-core22, revision 311...
      1 Nov 09 14:42:54 aphrora systemd[1]: Mounting Mount unit for snapd, revision 18357...
      1 Nov 09 14:42:54 aphrora systemd[1]: Mounting Mount unit for snapd, revision 21759...
      1 Nov 09 14:42:54 aphrora systemd[1]: Mounting Mount unit for snap-store, revision 1216...
      1 Nov 09 14:42:54 aphrora systemd[1]: Mounting Mount unit for snap-store, revision 638...
      1 Nov 09 14:42:54 aphrora systemd[1]: Mounting POSIX Message Queue File System...
     39 Nov 09 14:42:54 aphrora systemd[1]: proc-sys-fs-binfmt_misc.automount: Automount point already active?
     40 Nov 09 14:42:54 aphrora systemd[1]: proc-sys-fs-binfmt_misc.automount: Got automount request for /proc/sys/fs/binfmt_misc, triggered by 651 (snap)
      1 Nov 09 14:42:54 aphrora systemd[1]: Reached target Local Encrypted Volumes.
      1 Nov 09 14:42:54 aphrora systemd[1]: Reached target Local File Systems (Pre).
      1 Nov 09 14:42:54 aphrora systemd[1]: Reached target Mounted snaps.
      1 Nov 09 14:42:54 aphrora systemd[1]: Reached target Mounting snaps.
      1 Nov 09 14:42:54 aphrora systemd[1]: Reached target Remote File Systems.
      1 Nov 09 14:42:54 aphrora systemd[1]: Reached target Slices.
      1 Nov 09 14:42:54 aphrora systemd[1]: Reached target User and Group Name Lookups.
      1 Nov 09 14:42:54 aphrora systemd[1]: Received SIGRTMIN+20 from PID 596 (plymouthd).
      1 Nov 09 14:42:54 aphrora systemd[1]: Set hostname to <aphrora>.
      1 Nov 09 14:42:54 aphrora systemd[1]: Set up automount Arbitrary Executable File Formats File System Automount Point.
      1 Nov 09 14:42:54 aphrora systemd[1]: Started Forward Password Requests to Plymouth Directory Watch.
      1 Nov 09 14:42:54 aphrora systemd[1]: Started Forward Password Requests to Wall Directory Watch.
      1 Nov 09 14:42:54 aphrora systemd[1]: Started Journal Service.
      1 Nov 09 14:42:54 aphrora systemd[1]: Started Show Plymouth Boot Screen.
      1 Nov 09 14:42:54 aphrora systemd[1]: Started udev Kernel Device Manager.
      1 Nov 09 14:42:54 aphrora systemd[1]: Starting Apply Kernel Variables...
      1 Nov 09 14:42:54 aphrora systemd[1]: Starting Availability of block devices...
      1 Nov 09 14:42:54 aphrora systemd[1]: Starting Create list of static device nodes for the current kernel...
      1 Nov 09 14:42:54 aphrora systemd[1]: Starting Create Static Device Nodes in /dev...
      1 Nov 09 14:42:54 aphrora systemd[1]: Starting Create System Users...
      1 Nov 09 14:42:54 aphrora systemd[1]: Starting Flush Journal to Persistent Storage...
      1 Nov 09 14:42:54 aphrora systemd[1]: Starting Journal Service...
      1 Nov 09 14:42:54 aphrora systemd[1]: Starting Load Kernel Module chromeos_pstore...
      1 Nov 09 14:42:54 aphrora systemd[1]: Starting Load Kernel Module drm...
      1 Nov 09 14:42:54 aphrora systemd[1]: Starting Load Kernel Module efi_pstore...
      1 Nov 09 14:42:54 aphrora systemd[1]: Starting Load Kernel Module pstore_blk...
      1 Nov 09 14:42:54 aphrora systemd[1]: Starting Load Kernel Module pstore_zone...
      1 Nov 09 14:42:54 aphrora systemd[1]: Starting Load Kernel Module ramoops...
      1 Nov 09 14:42:54 aphrora systemd[1]: Starting Load Kernel Modules...
      1 Nov 09 14:42:54 aphrora systemd[1]: Starting Load/Save Random Seed...
      1 Nov 09 14:42:54 aphrora systemd[1]: Starting Monitoring of LVM2 mirrors, snapshots etc. using dmeventd or progress polling...
      1 Nov 09 14:42:54 aphrora systemd[1]: Starting Remount Root and Kernel File Systems...
      1 Nov 09 14:42:54 aphrora systemd[1]: Starting Set the console keyboard layout...
      1 Nov 09 14:42:54 aphrora systemd[1]: Starting Show Plymouth Boot Screen...
      1 Nov 09 14:42:54 aphrora systemd[1]: Starting udev Coldplug all Devices...
      1 Nov 09 14:42:54 aphrora systemd[1]: Starting udev Kernel Device Manager...
      1 Nov 09 14:42:54 aphrora systemd[1]: Starting Uncomplicated firewall...
      1 Nov 09 14:42:54 aphrora systemd[1]: systemd 245.4-4ubuntu3.24 running in system mode. (+PAM +AUDIT +SELINUX +IMA +APPARMOR +SMACK +SYSVINIT +UTMP +LIBCRYPTSETUP +GCRYPT +GNUTLS +ACL +XZ +LZ4 +SECCOMP +BLKID +ELFUTILS +KMOD +IDN2 -IDN +PCRE2 default-hierarchy=hybrid)
      1 Nov 09 14:42:54 aphrora systemd-journald[517]: Journal started
      1 Nov 09 14:42:54 aphrora systemd-journald[517]: Runtime Journal (/run/log/journal/041dc78c69c5416884c25a510d7c55f8) is 8.0M, max 318.1M, 310.1M free.
      1 Nov 09 14:42:54 aphrora systemd-journald[517]: System Journal (/var/log/journal/041dc78c69c5416884c25a510d7c55f8) is 488.0M, max 4.0G, 3.5G free.
      1 Nov 09 14:42:54 aphrora systemd-journald[517]: Time spent on flushing to /var/log/journal/041dc78c69c5416884c25a510d7c55f8 is 33.170ms for 809 entries.
      1 Nov 09 14:42:54 aphrora systemd-modules-load[538]: Inserted module 'lp'
      1 Nov 09 14:42:54 aphrora systemd-modules-load[538]: Inserted module 'msr'
      1 Nov 09 14:42:54 aphrora systemd-modules-load[538]: Inserted module 'parport_pc'
      1 Nov 09 14:42:54 aphrora systemd-modules-load[538]: Inserted module 'ppdev'
      1 Nov 09 14:42:54 aphrora systemd-sysctl[575]: Not setting net/ipv4/conf/all/promote_secondaries (explicit setting exists).
      1 Nov 09 14:42:54 aphrora systemd-sysctl[575]: Not setting net/ipv4/conf/default/promote_secondaries (explicit setting exists).
      1 Nov 09 14:42:55 aphrora accounts-daemon[1167]: started daemon version 0.6.55
      1 Nov 09 14:42:55 aphrora acpid[1168]: 8 rules loaded
      1 Nov 09 14:42:55 aphrora acpid[1168]: starting up with netlink and the input layer
      1 Nov 09 14:42:55 aphrora acpid[1168]: waiting for events: event logging is off
      1 Nov 09 14:42:55 aphrora apparmor.systemd[1039]: Reloading AppArmor profiles
      1 Nov 09 14:42:55 aphrora apparmor.systemd[1039]: Restarting AppArmor
      1 Nov 09 14:42:55 aphrora apparmor.systemd[1056]: Skipping profile in /etc/apparmor.d/disable: usr.sbin.rsyslogd
      1 Nov 09 14:42:55 aphrora apparmor.systemd[1067]: Skipping profile in /etc/apparmor.d/disable: usr.bin.firefox
      1 Nov 09 14:42:55 aphrora apport[1169]:    ...done.
      1 Nov 09 14:42:55 aphrora apport[1169]:  * Starting automatic crash report generation: apport
      1 Nov 09 14:42:55 aphrora audit[1054]: AVC apparmor="STATUS" operation="profile_load" profile="unconfined" name="ubuntu_pro_esm_cache//apt_methods_gpgv" pid=1054 comm="apparmor_parser"
      1 Nov 09 14:42:55 aphrora audit[1054]: AVC apparmor="STATUS" operation="profile_load" profile="unconfined" name="ubuntu_pro_esm_cache//apt_methods" pid=1054 comm="apparmor_parser"
      1 Nov 09 14:42:55 aphrora audit[1054]: AVC apparmor="STATUS" operation="profile_load" profile="unconfined" name="ubuntu_pro_esm_cache//cloud_id" pid=1054 comm="apparmor_parser"
      1 Nov 09 14:42:55 aphrora audit[1054]: AVC apparmor="STATUS" operation="profile_load" profile="unconfined" name="ubuntu_pro_esm_cache//dpkg" pid=1054 comm="apparmor_parser"
      1 Nov 09 14:42:55 aphrora audit[1054]: AVC apparmor="STATUS" operation="profile_load" profile="unconfined" name="ubuntu_pro_esm_cache" pid=1054 comm="apparmor_parser"
      1 Nov 09 14:42:55 aphrora audit[1054]: AVC apparmor="STATUS" operation="profile_load" profile="unconfined" name="ubuntu_pro_esm_cache//ps" pid=1054 comm="apparmor_parser"
      1 Nov 09 14:42:55 aphrora audit[1054]: AVC apparmor="STATUS" operation="profile_load" profile="unconfined" name="ubuntu_pro_esm_cache_systemctl" pid=1054 comm="apparmor_parser"
      1 Nov 09 14:42:55 aphrora audit[1054]: AVC apparmor="STATUS" operation="profile_load" profile="unconfined" name="ubuntu_pro_esm_cache_systemd_detect_virt" pid=1054 comm="apparmor_parser"
      1 Nov 09 14:42:55 aphrora audit[1054]: AVC apparmor="STATUS" operation="profile_load" profile="unconfined" name="ubuntu_pro_esm_cache//ubuntu_distro_info" pid=1054 comm="apparmor_parser"
      1 Nov 09 14:42:55 aphrora audit[1055]: AVC apparmor="STATUS" operation="profile_load" profile="unconfined" name="/usr/bin/evince" pid=1055 comm="apparmor_parser"
      1 Nov 09 14:42:55 aphrora audit[1055]: AVC apparmor="STATUS" operation="profile_load" profile="unconfined" name="/usr/bin/evince-previewer" pid=1055 comm="apparmor_parser"
      1 Nov 09 14:42:55 aphrora audit[1055]: AVC apparmor="STATUS" operation="profile_load" profile="unconfined" name="/usr/bin/evince-previewer//sanitized_helper" pid=1055 comm="apparmor_parser"
      1 Nov 09 14:42:55 aphrora audit[1055]: AVC apparmor="STATUS" operation="profile_load" profile="unconfined" name="/usr/bin/evince//sanitized_helper" pid=1055 comm="apparmor_parser"
      1 Nov 09 14:42:55 aphrora audit[1055]: AVC apparmor="STATUS" operation="profile_load" profile="unconfined" name="/usr/bin/evince-thumbnailer" pid=1055 comm="apparmor_parser"
      1 Nov 09 14:42:55 aphrora audit[1057]: AVC apparmor="STATUS" operation="profile_load" profile="unconfined" name="/usr/sbin/cups-browsed" pid=1057 comm="apparmor_parser"
      1 Nov 09 14:42:55 aphrora audit[1058]: AVC apparmor="STATUS" operation="profile_load" profile="unconfined" name="ippusbxd" pid=1058 comm="apparmor_parser"
      1 Nov 09 14:42:55 aphrora audit[1059]: AVC apparmor="STATUS" operation="profile_load" profile="unconfined" name="man_filter" pid=1059 comm="apparmor_parser"
      1 Nov 09 14:42:55 aphrora audit[1059]: AVC apparmor="STATUS" operation="profile_load" profile="unconfined" name="man_groff" pid=1059 comm="apparmor_parser"
      1 Nov 09 14:42:55 aphrora audit[1059]: AVC apparmor="STATUS" operation="profile_load" profile="unconfined" name="/usr/bin/man" pid=1059 comm="apparmor_parser"
      1 Nov 09 14:42:55 aphrora audit[1060]: AVC apparmor="STATUS" operation="profile_load" profile="unconfined" name="libreoffice-senddoc" pid=1060 comm="apparmor_parser"
      1 Nov 09 14:42:55 aphrora audit[1061]: AVC apparmor="STATUS" operation="profile_load" profile="unconfined" name="/usr/lib/cups/backend/cups-pdf" pid=1061 comm="apparmor_parser"
      1 Nov 09 14:42:55 aphrora audit[1061]: AVC apparmor="STATUS" operation="profile_load" profile="unconfined" name="/usr/sbin/cupsd" pid=1061 comm="apparmor_parser"
      1 Nov 09 14:42:55 aphrora audit[1061]: AVC apparmor="STATUS" operation="profile_load" profile="unconfined" name="/usr/sbin/cupsd//third_party" pid=1061 comm="apparmor_parser"
      1 Nov 09 14:42:55 aphrora audit[1062]: AVC apparmor="STATUS" operation="profile_load" profile="unconfined" name="lsb_release" pid=1062 comm="apparmor_parser"
      1 Nov 09 14:42:55 aphrora audit[1063]: AVC apparmor="STATUS" operation="profile_load" profile="unconfined" name="/usr/sbin/tcpdump" pid=1063 comm="apparmor_parser"
      1 Nov 09 14:42:55 aphrora audit[1064]: AVC apparmor="STATUS" operation="profile_load" profile="unconfined" name="libreoffice-xpdfimport" pid=1064 comm="apparmor_parser"
